Archive member included to satisfy reference by file (symbol)

/opt/devkitpro/libnds/lib/libnds9.a(keys.o)
                              main.o (scanKeys)
/opt/devkitpro/libnds/lib/libnds9.a(securearea.o)
                              /opt/devkitpro/devkitARM/lib/gcc/arm-none-eabi/7.1.0/../../../../arm-none-eabi/lib/thumb/ds_arm9_crt0.o (__secure_area__)
/opt/devkitpro/libnds/lib/libnds9.a(initSystem.o)
                              /opt/devkitpro/devkitARM/lib/gcc/arm-none-eabi/7.1.0/../../../../arm-none-eabi/lib/thumb/ds_arm9_crt0.o (initSystem)
/opt/devkitpro/libnds/lib/libnds9.a(fifosystem.o)
                              /opt/devkitpro/libnds/lib/libnds9.a(initSystem.o) (fifoSetValue32Handler)
/opt/devkitpro/libnds/lib/libnds9.a(libnds_exit.arm.o)
                              /opt/devkitpro/devkitARM/lib/gcc/arm-none-eabi/7.1.0/../../../../arm-none-eabi/lib/thumb/ds_arm9_crt0.o (__libnds_exit)
/opt/devkitpro/libnds/lib/libnds9.a(interrupts.o)
                              /opt/devkitpro/libnds/lib/libnds9.a(fifosystem.o) (irqSet)
/opt/devkitpro/libnds/lib/libnds9.a(cpu_clock.o)
                              /opt/devkitpro/libnds/lib/libnds9.a(initSystem.o) (setCpuClock)
/opt/devkitpro/libnds/lib/libnds9.a(IntrWait.o)
                              main.o (swiWaitForVBlank)
/opt/devkitpro/libnds/lib/libnds9.a(mpu_setup.o)
                              /opt/devkitpro/devkitARM/lib/gcc/arm-none-eabi/7.1.0/../../../../arm-none-eabi/lib/thumb/ds_arm9_crt0.o (__libnds_mpu_setup)
/opt/devkitpro/libnds/lib/libnds9.a(swiSoftReset.o)
                              /opt/devkitpro/libnds/lib/libnds9.a(fifosystem.o) (swiSoftReset)
/opt/devkitpro/libnds/lib/libnds9.a(interruptDispatcher.o)
                              /opt/devkitpro/libnds/lib/libnds9.a(interrupts.o) (IntrMain)
/opt/devkitpro/libnds/lib/libnds9.a(system.o)
                              /opt/devkitpro/libnds/lib/libnds9.a(initSystem.o) (systemValueHandler)
/opt/devkitpro/libnds/lib/libnds9.a(video.o)
                              /opt/devkitpro/libnds/lib/libnds9.a(initSystem.o) (vramDefault)
/opt/devkitpro/libnds/lib/libnds9.a(timeSupport.o)
                              /opt/devkitpro/libnds/lib/libnds9.a(initSystem.o) (__libnds_gtod)
/opt/devkitpro/libnds/lib/libnds9.a(biosCalls.o)
                              /opt/devkitpro/libnds/lib/libnds9.a(system.o) (swiDelay)
/opt/devkitpro/devkitARM/lib/gcc/arm-none-eabi/7.1.0/../../../../arm-none-eabi/lib/thumb/libstdc++.a(new_op.o)
                              main.o (operator new(unsigned int))
/opt/devkitpro/devkitARM/lib/gcc/arm-none-eabi/7.1.0/../../../../arm-none-eabi/lib/thumb/libstdc++.a(eh_alloc.o)
                              /opt/devkitpro/devkitARM/lib/gcc/arm-none-eabi/7.1.0/../../../../arm-none-eabi/lib/thumb/libstdc++.a(new_op.o) (__cxa_allocate_exception)
/opt/devkitpro/devkitARM/lib/gcc/arm-none-eabi/7.1.0/../../../../arm-none-eabi/lib/thumb/libstdc++.a(new_handler.o)
                              /opt/devkitpro/devkitARM/lib/gcc/arm-none-eabi/7.1.0/../../../../arm-none-eabi/lib/thumb/libstdc++.a(new_op.o) (std::get_new_handler())
/opt/devkitpro/devkitARM/lib/gcc/arm-none-eabi/7.1.0/../../../../arm-none-eabi/lib/thumb/libstdc++.a(eh_terminate.o)
                              /opt/devkitpro/devkitARM/lib/gcc/arm-none-eabi/7.1.0/../../../../arm-none-eabi/lib/thumb/libstdc++.a(eh_alloc.o) (std::terminate())
/opt/devkitpro/devkitARM/lib/gcc/arm-none-eabi/7.1.0/../../../../arm-none-eabi/lib/thumb/libstdc++.a(eh_unex_handler.o)
                              /opt/devkitpro/devkitARM/lib/gcc/arm-none-eabi/7.1.0/../../../../arm-none-eabi/lib/thumb/libstdc++.a(eh_terminate.o) (__cxxabiv1::__unexpected_handler)
/opt/devkitpro/devkitARM/lib/gcc/arm-none-eabi/7.1.0/../../../../arm-none-eabi/lib/thumb/libstdc++.a(bad_alloc.o)
                              /opt/devkitpro/devkitARM/lib/gcc/arm-none-eabi/7.1.0/../../../../arm-none-eabi/lib/thumb/libstdc++.a(new_op.o) (std::bad_alloc::~bad_alloc())
/opt/devkitpro/devkitARM/lib/gcc/arm-none-eabi/7.1.0/../../../../arm-none-eabi/lib/thumb/libstdc++.a(eh_arm.o)
                              /opt/devkitpro/devkitARM/lib/gcc/arm-none-eabi/7.1.0/../../../../arm-none-eabi/lib/thumb/libstdc++.a(eh_terminate.o) (__cxa_end_cleanup)
/opt/devkitpro/devkitARM/lib/gcc/arm-none-eabi/7.1.0/../../../../arm-none-eabi/lib/thumb/libstdc++.a(eh_throw.o)
                              /opt/devkitpro/devkitARM/lib/gcc/arm-none-eabi/7.1.0/../../../../arm-none-eabi/lib/thumb/libstdc++.a(new_op.o) (__cxa_throw)
/opt/devkitpro/devkitARM/lib/gcc/arm-none-eabi/7.1.0/../../../../arm-none-eabi/lib/thumb/libstdc++.a(eh_exception.o)
                              /opt/devkitpro/devkitARM/lib/gcc/arm-none-eabi/7.1.0/../../../../arm-none-eabi/lib/thumb/libstdc++.a(bad_alloc.o) (std::exception::~exception())
/opt/devkitpro/devkitARM/lib/gcc/arm-none-eabi/7.1.0/../../../../arm-none-eabi/lib/thumb/libstdc++.a(si_class_type_info.o)
[...]
Memory Configuration

Name             Origin             Length             Attributes
ewram            0x0000000002000000 0x0000000000380000
dtcm             0x000000000b000000 0x0000000000004000
vectors          0x0000000001000000 0x0000000000000100
itcm             0x0000000001000100 0x0000000000007f00
*default*        0x0000000000000000 0xffffffffffffffff

Linker script and memory map

                0x0000000002380000                __ewram_end = (ORIGIN (ewram) + LENGTH (ewram))
                0x0000000002380000                __eheap_end = (ORIGIN (ewram) + LENGTH (ewram))
                0x000000000b004000                __dtcm_top = (ORIGIN (dtcm) + LENGTH (dtcm))
                0x000000000b003ff8                __irq_flags = (__dtcm_top - 0x8)
                0x000000000b003ffc                __irq_vector = (__dtcm_top - 0x4)
                0x000000000b003f00                __sp_svc = (__dtcm_top - 0x100)
                0x000000000b003e00                __sp_irq = (__sp_svc - 0x100)
                0x000000000b003d00                __sp_usr = (__sp_irq - 0x100)

.secure         0x0000000002000000      0x800
 *(.secure)
 .secure        0x0000000002000000      0x800 /opt/devkitpro/libnds/lib/libnds9.a(securearea.o)
                0x0000000002000000                __secure_area__

.crt0           0x0000000002000800      0x300
                0x0000000002000800                __text_start = .
 *(.crt0)
 .crt0          0x0000000002000800      0x300 /opt/devkitpro/devkitARM/lib/gcc/arm-none-eabi/7.1.0/../../../../arm-none-eabi/lib/thumb/ds_arm9_crt0.o
                0x0000000002000800                _start
                0x0000000002000b00                . = ALIGN (0x4)

.plt
 *(.plt)

.init           0x0000000002000b00        0xc
 *(SORT(.init))
 .init          0x0000000002000b00        0x4 /opt/devkitpro/devkitARM/lib/gcc/arm-none-eabi/7.1.0/thumb/crti.o
                0x0000000002000b00                _init
 .init          0x0000000002000b04        0x8 /opt/devkitpro/devkitARM/lib/gcc/arm-none-eabi/7.1.0/thumb/crtn.o

.text           0x0000000002000b10     0x4988
 *(EXCLUDE_FILE(*.twl* *.vectors* *.itcm*) .text)
 .text          0x0000000002000b10      0x308 main.o
                0x0000000002000b10                clear_screen()
                0x0000000002000b28                draw_players(std::vector<Player, std::allocator<Player> >&, int)
                0x0000000002000b5c                initial_players(std::vector<Player, std::allocator<Player> >&, int)
                0x0000000002000bb4                erase_players(std::vector<Player, std::allocator<Player> >&, int)
                0x0000000002000be4                move_players(std::vector<Player, std::allocator<Player> >&, int)
                0x0000000002000df0                set_player(Player&, int, int, int, int)
 .text          0x0000000002000e18      0x150 /opt/devkitpro/devkitARM/lib/gcc/arm-none-eabi/7.1.0/thumb/libgcc.a(_divsi3.o)
                0x0000000002000e18                __aeabi_idiv
                0x0000000002000e18                __divsi3
                0x0000000002000f48                __aeabi_idivmod
 .text          0x0000000002000f68        0x4 /opt/devkitpro/devkitARM/lib/gcc/arm-none-eabi/7.1.0/thumb/libgcc.a(_dvmd_tls.o)
                0x0000000002000f68                __aeabi_ldiv0
                0x0000000002000f68                __aeabi_idiv0
 .text          0x0000000002000f6c      0x1d8 /opt/devkitpro/devkitARM/lib/gcc/arm-none-eabi/7.1.0/thumb/libgcc.a(libunwind.o)
                0x0000000002000f6c                __restore_core_regs
                0x0000000002000f6c                restore_core_regs
                0x0000000002000f88                __gnu_Unwind_Restore_VFP
                0x0000000002000f90                __gnu_Unwind_Save_VFP
                0x0000000002000f98                __gnu_Unwind_Restore_VFP_D
                0x0000000002000fa0                __gnu_Unwind_Save_VFP_D
                0x0000000002000fa8                __gnu_Unwind_Restore_VFP_D_16_to_31
                0x0000000002000fb0                __gnu_Unwind_Save_VFP_D_16_to_31
                0x0000000002000fb8                __gnu_Unwind_Restore_WMMXD
                0x0000000002000ffc                __gnu_Unwind_Save_WMMXD
                0x0000000002001040                __gnu_Unwind_Restore_WMMXC
                0x0000000002001054                __gnu_Unwind_Save_WMMXC
                0x0000000002001068                ___Unwind_RaiseException
                0x0000000002001068                _Unwind_RaiseException
                0x0000000002001094                ___Unwind_Resume
                0x0000000002001094                _Unwind_Resume
                0x00000000020010c0                _Unwind_Resume_or_Rethrow
                0x00000000020010c0                ___Unwind_Resume_or_Rethrow
                0x00000000020010ec                ___Unwind_ForcedUnwind
                0x00000000020010ec                _Unwind_ForcedUnwind
                0x0000000002001118                _Unwind_Backtrace
                0x0000000002001118                ___Unwind_Backtrace
 .text          0x0000000002001144      0x224 /opt/devkitpro/devkitARM/lib/gcc/arm-none-eabi/7.1.0/../../../../arm-none-eabi/lib/thumb/libg.a(lib_a-strcmp.o)
                0x0000000002001144                strcmp
 *(EXCLUDE_FILE(*.twl* *.vectors* *.itcm*) .stub)
 *(EXCLUDE_FILE(*.twl* *.vectors* *.itcm*) .text.*)
 .text.deregister_tm_clones
                0x0000000002001368       0x2c /opt/devkitpro/devkitARM/lib/gcc/arm-none-eabi/7.1.0/thumb/crtbegin.o
 .text.register_tm_clones
                0x0000000002001394       0x34 /opt/devkitpro/devkitARM/lib/gcc/arm-none-eabi/7.1.0/thumb/crtbegin.o
 .text.__do_global_dtors_aux
                0x00000000020013c8       0x30 /opt/devkitpro/devkitARM/lib/gcc/arm-none-eabi/7.1.0/thumb/crtbegin.o
 .text.frame_dummy
                0x00000000020013f8       0x28 /opt/devkitpro/devkitARM/lib/gcc/arm-none-eabi/7.1.0/thumb/crtbegin.o
 .text.startup  0x0000000002001420       0xb4 main.o
                0x0000000002001420                main
 .text.scanKeys
                0x00000000020014d4       0x8c /opt/devkitpro/libnds/lib/libnds9.a(keys.o)
                0x00000000020014d4                scanKeys
 .text.keysHeld
                0x0000000002001560        0xc /opt/devkitpro/libnds/lib/libnds9.a(keys.o)
                0x0000000002001560                keysHeld
 .text.keysDown
                0x000000000200156c       0x14 /opt/devkitpro/libnds/lib/libnds9.a(keys.o)
                0x000000000200156c                keysDown
 .text.initSystem
                0x0000000002001580      0x194 /opt/devkitpro/libnds/lib/libnds9.a(initSystem.o)
                0x0000000002001580                initSystem
 .text.__timeoutvbl
                0x0000000002001714       0x10 /opt/devkitpro/libnds/lib/libnds9.a(fifosystem.o)
 .text.fifo_allocBlock.part.0
                0x0000000002001724       0x34 /opt/devkitpro/libnds/lib/libnds9.a(fifosystem.o)
 .text.fifo_waitBlock
                0x0000000002001758       0x48 /opt/devkitpro/libnds/lib/libnds9.a(fifosystem.o)
 .text.fifo_queueBlock
                0x00000000020017a0       0x44 /opt/devkitpro/libnds/lib/libnds9.a(fifosystem.o)
 .text.fifoInternalSendInterrupt
                0x00000000020017e4       0xac /opt/devkitpro/libnds/lib/libnds9.a(fifosystem.o)
 .text.fifoInternalSend.part.3
                0x0000000002001890       0xd4 /opt/devkitpro/libnds/lib/libnds9.a(fifosystem.o)
 .text.fifoGetValue32.part.4
                0x0000000002001964       0x74 /opt/devkitpro/libnds/lib/libnds9.a(fifosystem.o)
 .text.fifoSetValue32Handler
                0x00000000020019d8       0x74 /opt/devkitpro/libnds/lib/libnds9.a(fifosystem.o)
                0x00000000020019d8                fifoSetValue32Handler
 .text.fifoSendValue32
                0x0000000002001a4c       0x4c /opt/devkitpro/libnds/lib/libnds9.a(fifosystem.o)
                0x0000000002001a4c                fifoSendValue32
 .text.fifoGetDatamsg
                0x0000000002001a98      0x140 /opt/devkitpro/libnds/lib/libnds9.a(fifosystem.o)
                0x0000000002001a98                fifoGetDatamsg
 .text.fifoInternalRecvInterrupt
                0x0000000002001bd8      0x3a0 /opt/devkitpro/libnds/lib/libnds9.a(fifosystem.o)
 .text.fifoSetDatamsgHandler
                0x0000000002001f78       0x9c /opt/devkitpro/libnds/lib/libnds9.a(fifosystem.o)
                0x0000000002001f78                fifoSetDatamsgHandler
 .text.fifoInit
                0x0000000002002014      0x1cc /opt/devkitpro/libnds/lib/libnds9.a(fifosystem.o)
                0x0000000002002014                fifoInit
 .text.systemErrorExit
                0x00000000020021e0        0x4 /opt/devkitpro/libnds/lib/libnds9.a(libnds_exit.arm.o)
                0x00000000020021e0                systemErrorExit
 *fill*         0x00000000020021e4        0x4 ff
 .text.__libnds_exit
                0x00000000020021e8       0x5c /opt/devkitpro/libnds/lib/libnds9.a(libnds_exit.arm.o)
                0x00000000020021e8                __libnds_exit
 .text.irqDummy
                0x0000000002002244        0x4 /opt/devkitpro/libnds/lib/libnds9.a(interrupts.o)
                0x0000000002002244                irqDummy
 .text.irqSet   0x0000000002002248       0x6c /opt/devkitpro/libnds/lib/libnds9.a(interrupts.o)
                0x0000000002002248                irqSet
 .text.irqInit  0x00000000020022b4       0x50 /opt/devkitpro/libnds/lib/libnds9.a(interrupts.o)
                0x00000000020022b4                irqInit
 .text.irqEnable
                0x0000000002002304       0x64 /opt/devkitpro/libnds/lib/libnds9.a(interrupts.o)
                0x0000000002002304                irqEnable
 .text.irqDisable
                0x0000000002002368       0x64 /opt/devkitpro/libnds/lib/libnds9.a(interrupts.o)
                0x0000000002002368                irqDisable
 .text.setCpuClock
                0x00000000020023cc       0x50 /opt/devkitpro/libnds/lib/libnds9.a(cpu_clock.o)
                0x00000000020023cc                setCpuClock
 .text.swiWaitForVBlank
                0x000000000200241c        0x8 /opt/devkitpro/libnds/lib/libnds9.a(IntrWait.o)
                0x000000000200241c                swiWaitForVBlank
 .text.swiIntrWait
                0x0000000002002424       0x64 /opt/devkitpro/libnds/lib/libnds9.a(IntrWait.o)
                0x0000000002002424                swiIntrWait
 .text.__libnds_mpu_setup
                0x0000000002002488      0x174 /opt/devkitpro/libnds/lib/libnds9.a(mpu_setup.o)
                0x0000000002002488                __libnds_mpu_setup
 .text.memUncached
                0x00000000020025fc       0x20 /opt/devkitpro/libnds/lib/libnds9.a(mpu_setup.o)
                0x00000000020025fc                memUncached
 .text.swiSoftReset
                0x000000000200261c       0x2c /opt/devkitpro/libnds/lib/libnds9.a(swiSoftReset.o)
                0x000000000200261c                swiSoftReset
 .text.systemValueHandler
                0x0000000002002648       0x48 /opt/devkitpro/libnds/lib/libnds9.a(system.o)
                0x0000000002002648                systemValueHandler
 .text.systemMsgHandler
                0x0000000002002690       0x5c /opt/devkitpro/libnds/lib/libnds9.a(system.o)
                0x0000000002002690                systemMsgHandler
 .text.powerOn  0x00000000020026ec       0x2c /opt/devkitpro/libnds/lib/libnds9.a(system.o)
                0x00000000020026ec                powerOn
 .text.vramDefault
                0x0000000002002718       0xd0 /opt/devkitpro/libnds/lib/libnds9.a(video.o)
                0x0000000002002718                vramDefault
 .text.__libnds_gtod
                0x00000000020027e8       0x24 /opt/devkitpro/libnds/lib/libnds9.a(timeSupport.o)
                0x00000000020027e8                __libnds_gtod
 .text.swiDelay
                0x000000000200280c        0x4 /opt/devkitpro/libnds/lib/libnds9.a(biosCalls.o)
                0x000000000200280c                swiDelay
 .text._Znwj    0x0000000002002810       0x48 /opt/devkitpro/devkitARM/lib/gcc/arm-none-eabi/7.1.0/../../../../arm-none-eabi/lib/thumb/libstdc++.a(new_op.o)
                0x0000000002002810                operator new(unsigned int)
 .text._ZN12_GLOBAL__N_14pool4freeEPv.constprop.4
                0x0000000002002858       0x74 /opt/devkitpro/devkitARM/lib/gcc/arm-none-eabi/7.1.0/../../../../arm-none-eabi/lib/thumb/libstdc++.a(eh_alloc.o)
 .text._ZN12_GLOBAL__N_14pool8allocateEj.constprop.5
                0x00000000020028cc       0x64 /opt/devkitpro/devkitARM/lib/gcc/arm-none-eabi/7.1.0/../../../../arm-none-eabi/lib/thumb/libstdc++.a(eh_alloc.o)
 .text.__cxa_allocate_exception
                0x0000000002002930       0x30 /opt/devkitpro/devkitARM/lib/gcc/arm-none-eabi/7.1.0/../../../../arm-none-eabi/lib/thumb/libstdc++.a(eh_alloc.o)
                0x0000000002002930                __cxa_allocate_exception
 .text.__cxa_free_exception
                0x0000000002002960       0x28 /opt/devkitpro/devkitARM/lib/gcc/arm-none-eabi/7.1.0/../../../../arm-none-eabi/lib/thumb/libstdc++.a(eh_alloc.o)
                0x0000000002002960                __cxa_free_exception
 .text.startup._GLOBAL__sub_I__ZN9__gnu_cxx9__freeresEv
                0x0000000002002988       0x30 /opt/devkitpro/devkitARM/lib/gcc/arm-none-eabi/7.1.0/../../../../arm-none-eabi/lib/thumb/libstdc++.a(eh_alloc.o)
 .text._ZSt15get_new_handlerv
                0x00000000020029b8        0xc /opt/devkitpro/devkitARM/lib/gcc/arm-none-eabi/7.1.0/../../../../arm-none-eabi/lib/thumb/libstdc++.a(new_handler.o)
                0x00000000020029b8                std::get_new_handler()
 .text._ZN10__cxxabiv111__terminateEPFvvE
                0x00000000020029c4       0x2c /opt/devkitpro/devkitARM/lib/gcc/arm-none-eabi/7.1.0/../../../../arm-none-eabi/lib/thumb/libstdc++.a(eh_terminate.o)
                0x00000000020029c4                __cxxabiv1::__terminate(void (*)())
 .text._ZSt9terminatev
                0x00000000020029f0       0x10 /opt/devkitpro/devkitARM/lib/gcc/arm-none-eabi/7.1.0/../../../../arm-none-eabi/lib/thumb/libstdc++.a(eh_terminate.o)
                0x00000000020029f0                std::terminate()
 .text._ZN10__cxxabiv112__unexpectedEPFvvE
                0x0000000002002a00        0xc /opt/devkitpro/devkitARM/lib/gcc/arm-none-eabi/7.1.0/../../../../arm-none-eabi/lib/thumb/libstdc++.a(eh_terminate.o)
                0x0000000002002a00                __cxxabiv1::__unexpected(void (*)())
 .text._ZSt10unexpectedv
                0x0000000002002a0c       0x10 /opt/devkitpro/devkitARM/lib/gcc/arm-none-eabi/7.1.0/../../../../arm-none-eabi/lib/thumb/libstdc++.a(eh_terminate.o)
                0x0000000002002a0c                std::unexpected()
 .text._ZSt13get_terminatev
                0x0000000002002a1c        0xc /opt/devkitpro/devkitARM/lib/gcc/arm-none-eabi/7.1.0/../../../../arm-none-eabi/lib/thumb/libstdc++.a(eh_terminate.o)
                0x0000000002002a1c                std::get_terminate()
 .text._ZSt14get_unexpectedv
                0x0000000002002a28        0xc /opt/devkitpro/devkitARM/lib/gcc/arm-none-eabi/7.1.0/../../../../arm-none-eabi/lib/thumb/libstdc++.a(eh_terminate.o)
                0x0000000002002a28                std::get_unexpected()
 .text._ZNKSt9bad_alloc4whatEv
                0x0000000002002a34        0x8 /opt/devkitpro/devkitARM/lib/gcc/arm-none-eabi/7.1.0/../../../../arm-none-eabi/lib/thumb/libstdc++.a(bad_alloc.o)
                0x0000000002002a34                std::bad_alloc::what() const
 .text._ZNSt9bad_allocD2Ev
                0x0000000002002a3c       0x1c /opt/devkitpro/devkitARM/lib/gcc/arm-none-eabi/7.1.0/../../../../arm-none-eabi/lib/thumb/libstdc++.a(bad_alloc.o)
                0x0000000002002a3c                std::bad_alloc::~bad_alloc()
                0x0000000002002a3c                std::bad_alloc::~bad_alloc()
 .text._ZNSt9bad_allocD0Ev
                0x0000000002002a58       0x24 /opt/devkitpro/devkitARM/lib/gcc/arm-none-eabi/7.1.0/../../../../arm-none-eabi/lib/thumb/libstdc++.a(bad_alloc.o)
                0x0000000002002a58                std::bad_alloc::~bad_alloc()
 .text.__cxa_end_cleanup
                0x0000000002002a7c        0xc /opt/devkitpro/devkitARM/lib/gcc/arm-none-eabi/7.1.0/../../../../arm-none-eabi/lib/thumb/libstdc++.a(eh_arm.o)
                0x0000000002002a7c                __cxa_end_cleanup
 .text.__cxa_type_match
                0x0000000002002a88       0xcc /opt/devkitpro/devkitARM/lib/gcc/arm-none-eabi/7.1.0/../../../../arm-none-eabi/lib/thumb/libstdc++.a(eh_arm.o)
                0x0000000002002a88                __cxa_type_match
 .text.__cxa_begin_cleanup
                0x0000000002002b54       0x64 /opt/devkitpro/devkitARM/lib/gcc/arm-none-eabi/7.1.0/../../../../arm-none-eabi/lib/thumb/libstdc++.a(eh_arm.o)
                0x0000000002002b54                __cxa_begin_cleanup
 .text.__gnu_end_cleanup
                0x0000000002002bb8       0x74 /opt/devkitpro/devkitARM/lib/gcc/arm-none-eabi/7.1.0/../../../../arm-none-eabi/lib/thumb/libstdc++.a(eh_arm.o)
                0x0000000002002bb8                __gnu_end_cleanup
 .text._ZL23__gxx_exception_cleanup19_Unwind_Reason_CodeP21_Unwind_Control_Block
                0x0000000002002c2c       0x3c /opt/devkitpro/devkitARM/lib/gcc/arm-none-eabi/7.1.0/../../../../arm-none-eabi/lib/thumb/libstdc++.a(eh_throw.o)
 .text.__cxa_init_primary_exception
                0x0000000002002c68       0x50 /opt/devkitpro/devkitARM/lib/gcc/arm-none-eabi/7.1.0/../../../../arm-none-eabi/lib/thumb/libstdc++.a(eh_throw.o)
                0x0000000002002c68                __cxa_init_primary_exception
 .text.__cxa_throw
                0x0000000002002cb8       0x34 /opt/devkitpro/devkitARM/lib/gcc/arm-none-eabi/7.1.0/../../../../arm-none-eabi/lib/thumb/libstdc++.a(eh_throw.o)
                0x0000000002002cb8                __cxa_throw
 .text.__cxa_rethrow
                0x0000000002002cec       0x70 /opt/devkitpro/devkitARM/lib/gcc/arm-none-eabi/7.1.0/../../../../arm-none-eabi/lib/thumb/libstdc++.a(eh_throw.o)
                0x0000000002002cec                __cxa_rethrow
 .text._ZNSt9exceptionD2Ev
                0x0000000002002d5c        0x4 /opt/devkitpro/devkitARM/lib/gcc/arm-none-eabi/7.1.0/../../../../arm-none-eabi/lib/thumb/libstdc++.a(eh_exception.o)
                0x0000000002002d5c                std::exception::~exception()
                0x0000000002002d5c                std::exception::~exception()
 .text._ZNSt13bad_exceptionD2Ev
                0x0000000002002d60        0x4 /opt/devkitpro/devkitARM/lib/gcc/arm-none-eabi/7.1.0/../../../../arm-none-eabi/lib/thumb/libstdc++.a(eh_exception.o)
                0x0000000002002d60                std::bad_exception::~bad_exception()
                0x0000000002002d60                std::bad_exception::~bad_exception()
 .text._ZNKSt13bad_exception4whatEv
                0x0000000002002d64        0x8 /opt/devkitpro/devkitARM/lib/gcc/arm-none-eabi/7.1.0/../../../../arm-none-eabi/lib/thumb/libstdc++.a(eh_exception.o)
                0x0000000002002d64                transaction clone for std::bad_exception::what() const
                0x0000000002002d64                std::bad_exception::what() const
 .text._ZNSt13bad_exceptionD0Ev
                0x0000000002002d6c       0x14 /opt/devkitpro/devkitARM/lib/gcc/arm-none-eabi/7.1.0/../../../../arm-none-eabi/lib/thumb/libstdc++.a(eh_exception.o)
                0x0000000002002d6c                std::bad_exception::~bad_exception()
 .text._ZN10__cxxabiv120__si_class_type_infoD2Ev
                0x0000000002002d80       0x1c /opt/devkitpro/devkitARM/lib/gcc/arm-none-eabi/7.1.0/../../../../arm-none-eabi/lib/thumb/libstdc++.a(si_class_type_info.o)
                0x0000000002002d80                __cxxabiv1::__si_class_type_info::~__si_class_type_info()
                0x0000000002002d80                __cxxabiv1::__si_class_type_info::~__si_class_type_info()
 .text._ZN10__cxxabiv120__si_class_type_infoD0Ev
                0x0000000002002d9c       0x24 /opt/devkitpro/devkitARM/lib/gcc/arm-none-eabi/7.1.0/../../../../arm-none-eabi/lib/thumb/libstdc++.a(si_class_type_info.o)
                0x0000000002002d9c                __cxxabiv1::__si_class_type_info::~__si_class_type_info()
 .text._ZNK10__cxxabiv120__si_class_type_info20__do_find_public_srcEiPKvPKNS_17__class_type_infoES2_
                0x0000000002002dc0       0x40 /opt/devkitpro/devkitARM/lib/gcc/arm-none-eabi/7.1.0/../../../../arm-none-eabi/lib/thumb/libstdc++.a(si_class_type_info.o)
                0x0000000002002dc0                __cxxabiv1::__si_class_type_info::__do_find_public_src(int, void const*, __cxxabiv1::__class_type_info const*, void const*) const
 .text._ZNK10__cxxabiv120__si_class_type_info12__do_dyncastEiNS_17__class_type_info10__sub_kindEPKS1_PKvS4_S6_RNS1_16__dyncast_resultE
                0x0000000002002e00       0x9c /opt/devkitpro/devkitARM/lib/gcc/arm-none-eabi/7.1.0/../../../../arm-none-eabi/lib/thumb/libstdc++.a(si_class_type_info.o)
                0x0000000002002e00                __cxxabiv1::__si_class_type_info::__do_dyncast(int, __cxxabiv1::__class_type_info::__sub_kind, __cxxabiv1::__class_type_info const*, void const*, __cxxabiv1::__class_type_info const*, void const*, __cxxabiv1::__class_type_info::__dyncast_result&) const
 .text._ZNK10__cxxabiv120__si_class_type_info11__do_upcastEPKNS_17__class_type_infoEPKvRNS1_15__upcast_resultE
                0x0000000002002e9c       0x2c /opt/devkitpro/devkitARM/lib/gcc/arm-none-eabi/7.1.0/../../../../arm-none-eabi/lib/thumb/libstdc++.a(si_class_type_info.o)
                0x0000000002002e9c                __cxxabiv1::__si_class_type_info::__do_upcast(__cxxabiv1::__class_type_info const*, void const*, __cxxabiv1::__class_type_info::__upcast_result&) const
 .text._ZN10__cxxabiv1L24__is_gxx_exception_classEPc
                0x0000000002002ec8       0x3c /opt/devkitpro/devkitARM/lib/gcc/arm-none-eabi/7.1.0/../../../../arm-none-eabi/lib/thumb/libstdc++.a(eh_call.o)
 .text.__cxa_call_terminate
                0x0000000002002f04       0x20 /opt/devkitpro/devkitARM/lib/gcc/arm-none-eabi/7.1.0/../../../../arm-none-eabi/lib/thumb/libstdc++.a(eh_call.o)
                0x0000000002002f04                __cxa_call_terminate
 .text.__cxa_call_unexpected
                0x0000000002002f24       0xf8 /opt/devkitpro/devkitARM/lib/gcc/arm-none-eabi/7.1.0/../../../../arm-none-eabi/lib/thumb/libstdc++.a(eh_call.o)
                0x0000000002002f24                __cxa_call_unexpected
 .text.__cxa_get_globals_fast
                0x000000000200301c        0x8 /opt/devkitpro/devkitARM/lib/gcc/arm-none-eabi/7.1.0/../../../../arm-none-eabi/lib/thumb/libstdc++.a(eh_globals.o)
                0x000000000200301c                __cxa_get_globals_fast
 .text.__cxa_get_globals
                0x0000000002003024        0x8 /opt/devkitpro/devkitARM/lib/gcc/arm-none-eabi/7.1.0/../../../../arm-none-eabi/lib/thumb/libstdc++.a(eh_globals.o)
                0x0000000002003024                __cxa_get_globals
 .text._ZdlPvj  0x000000000200302c        0xc /opt/devkitpro/devkitARM/lib/gcc/arm-none-eabi/7.1.0/../../../../arm-none-eabi/lib/thumb/libstdc++.a(del_ops.o)
                0x000000000200302c                operator delete(void*, unsigned int)
 .text.__cxa_begin_catch
                0x0000000002003038       0x7c /opt/devkitpro/devkitARM/lib/gcc/arm-none-eabi/7.1.0/../../../../arm-none-eabi/lib/thumb/libstdc++.a(eh_catch.o)
                0x0000000002003038                __cxa_begin_catch
 .text.__cxa_end_catch
                0x00000000020030b4       0x90 /opt/devkitpro/devkitARM/lib/gcc/arm-none-eabi/7.1.0/../../../../arm-none-eabi/lib/thumb/libstdc++.a(eh_catch.o)
                0x00000000020030b4                __cxa_end_catch
 .text._ZNSt9type_infoD2Ev
                0x0000000002003144        0x4 /opt/devkitpro/devkitARM/lib/gcc/arm-none-eabi/7.1.0/../../../../arm-none-eabi/lib/thumb/libstdc++.a(tinfo.o)
                0x0000000002003144                std::type_info::~type_info()
                0x0000000002003144                std::type_info::~type_info()
 .text._ZNKSt9type_info14__is_pointer_pEv
                0x0000000002003148        0x4 /opt/devkitpro/devkitARM/lib/gcc/arm-none-eabi/7.1.0/../../../../arm-none-eabi/lib/thumb/libstdc++.a(tinfo.o)
                0x0000000002003148                std::type_info::__is_function_p() const
                0x0000000002003148                std::type_info::__is_pointer_p() const
 .text._ZNKSt9type_infoeqERKS_
                0x000000000200314c       0x30 /opt/devkitpro/devkitARM/lib/gcc/arm-none-eabi/7.1.0/../../../../arm-none-eabi/lib/thumb/libstdc++.a(tinfo.o)
                0x000000000200314c                std::type_info::operator==(std::type_info const&) const
 .text._ZL28read_encoded_value_with_basehjPKhPj
                0x000000000200317c      0x108 /opt/devkitpro/devkitARM/lib/gcc/arm-none-eabi/7.1.0/../../../../arm-none-eabi/lib/thumb/libstdc++.a(eh_personality.o)
 .text._ZL21base_of_encoded_valuehP15_Unwind_Context.part.3
                0x0000000002003284       0x44 /opt/devkitpro/devkitARM/lib/gcc/arm-none-eabi/7.1.0/../../../../arm-none-eabi/lib/thumb/libstdc++.a(eh_personality.o)
 .text._ZL17parse_lsda_headerP15_Unwind_ContextPKhP16lsda_header_info
                0x00000000020032c8       0xa0 /opt/devkitpro/devkitARM/lib/gcc/arm-none-eabi/7.1.0/../../../../arm-none-eabi/lib/thumb/libstdc++.a(eh_personality.o)
 .text.__gxx_personality_v0
                0x0000000002003368      0x4b0 /opt/devkitpro/devkitARM/lib/gcc/arm-none-eabi/7.1.0/../../../../arm-none-eabi/lib/thumb/libstdc++.a(eh_personality.o)
                0x0000000002003368                __gxx_personality_v0
 .text._ZdlPv   0x0000000002003818        0xc /opt/devkitpro/devkitARM/lib/gcc/arm-none-eabi/7.1.0/../../../../arm-none-eabi/lib/thumb/libstdc++.a(del_op.o)
                0x0000000002003818                operator delete(void*)
 .text._ZNK10__cxxabiv117__class_type_info11__do_upcastEPKS0_PPv
                0x0000000002003824       0x40 /opt/devkitpro/devkitARM/lib/gcc/arm-none-eabi/7.1.0/../../../../arm-none-eabi/lib/thumb/libstdc++.a(class_type_info.o)
                0x0000000002003824                __cxxabiv1::__class_type_info::__do_upcast(__cxxabiv1::__class_type_info const*, void**) const
 .text._ZNK10__cxxabiv117__class_type_info20__do_find_public_srcEiPKvPKS0_S2_
                0x0000000002003864       0x14 /opt/devkitpro/devkitARM/lib/gcc/arm-none-eabi/7.1.0/../../../../arm-none-eabi/lib/thumb/libstdc++.a(class_type_info.o)
                0x0000000002003864                __cxxabiv1::__class_type_info::__do_find_public_src(int, void const*, __cxxabiv1::__class_type_info const*, void const*) const
 .text._ZN10__cxxabiv117__class_type_infoD2Ev
                0x0000000002003878       0x1c /opt/devkitpro/devkitARM/lib/gcc/arm-none-eabi/7.1.0/../../../../arm-none-eabi/lib/thumb/libstdc++.a(class_type_info.o)
                0x0000000002003878                __cxxabiv1::__class_type_info::~__class_type_info()
                0x0000000002003878                __cxxabiv1::__class_type_info::~__class_type_info()
 .text._ZN10__cxxabiv117__class_type_infoD0Ev
                0x0000000002003894       0x24 /opt/devkitpro/devkitARM/lib/gcc/arm-none-eabi/7.1.0/../../../../arm-none-eabi/lib/thumb/libstdc++.a(class_type_info.o)
                0x0000000002003894                __cxxabiv1::__class_type_info::~__class_type_info()
 .text._ZNK10__cxxabiv117__class_type_info12__do_dyncastEiNS0_10__sub_kindEPKS0_PKvS3_S5_RNS0_16__dyncast_resultE
                0x00000000020038b8       0x44 /opt/devkitpro/devkitARM/lib/gcc/arm-none-eabi/7.1.0/../../../../arm-none-eabi/lib/thumb/libstdc++.a(class_type_info.o)
                0x00000000020038b8                __cxxabiv1::__class_type_info::__do_dyncast(int, __cxxabiv1::__class_type_info::__sub_kind, __cxxabiv1::__class_type_info const*, void const*, __cxxabiv1::__class_type_info const*, void const*, __cxxabiv1::__class_type_info::__dyncast_result&) const
 .text._ZNK10__cxxabiv117__class_type_info11__do_upcastEPKS0_PKvRNS0_15__upcast_resultE
                0x00000000020038fc       0x20 /opt/devkitpro/devkitARM/lib/gcc/arm-none-eabi/7.1.0/../../../../arm-none-eabi/lib/thumb/libstdc++.a(class_type_info.o)
                0x00000000020038fc                __cxxabiv1::__class_type_info::__do_upcast(__cxxabiv1::__class_type_info const*, void const*, __cxxabiv1::__class_type_info::__upcast_result&) const
 .text._ZNK10__cxxabiv117__class_type_info10__do_catchEPKSt9type_infoPPvj
                0x000000000200391c       0x30 /opt/devkitpro/devkitARM/lib/gcc/arm-none-eabi/7.1.0/../../../../arm-none-eabi/lib/thumb/libstdc++.a(class_type_info.o)
                0x000000000200391c                __cxxabiv1::__class_type_info::__do_catch(std::type_info const*, void**, unsigned int) const
 .text.selfrel_offset31
                0x000000000200394c       0x18 /opt/devkitpro/devkitARM/lib/gcc/arm-none-eabi/7.1.0/thumb/libgcc.a(unwind-arm.o)
 .text.search_EIT_table
                0x0000000002003964       0x78 /opt/devkitpro/devkitARM/lib/gcc/arm-none-eabi/7.1.0/thumb/libgcc.a(unwind-arm.o)
 .text.__gnu_unwind_get_pr_addr
                0x00000000020039dc       0x28 /opt/devkitpro/devkitARM/lib/gcc/arm-none-eabi/7.1.0/thumb/libgcc.a(unwind-arm.o)
 .text.get_eit_entry
                0x0000000002003a04       0xa0 /opt/devkitpro/devkitARM/lib/gcc/arm-none-eabi/7.1.0/thumb/libgcc.a(unwind-arm.o)
 .text.restore_non_core_regs
                0x0000000002003aa4       0x58 /opt/devkitpro/devkitARM/lib/gcc/arm-none-eabi/7.1.0/thumb/libgcc.a(unwind-arm.o)
 .text._Unwind_decode_typeinfo_ptr.isra.0
                0x0000000002003afc        0xc /opt/devkitpro/devkitARM/lib/gcc/arm-none-eabi/7.1.0/thumb/libgcc.a(unwind-arm.o)
 .text._Unwind_DebugHook
                0x0000000002003b08        0x4 /opt/devkitpro/devkitARM/lib/gcc/arm-none-eabi/7.1.0/thumb/libgcc.a(unwind-arm.o)
 .text.unwind_phase2
                0x0000000002003b0c       0x40 /opt/devkitpro/devkitARM/lib/gcc/arm-none-eabi/7.1.0/thumb/libgcc.a(unwind-arm.o)
 .text.unwind_phase2_forced
                0x0000000002003b4c       0xd8 /opt/devkitpro/devkitARM/lib/gcc/arm-none-eabi/7.1.0/thumb/libgcc.a(unwind-arm.o)
 .text.__gnu_Unwind_RaiseException
                0x0000000002003c24       0x5c /opt/devkitpro/devkitARM/lib/gcc/arm-none-eabi/7.1.0/thumb/libgcc.a(unwind-arm.o)
                0x0000000002003c24                __gnu_Unwind_RaiseException
 .text.__gnu_Unwind_ForcedUnwind
                0x0000000002003c80       0x18 /opt/devkitpro/devkitARM/lib/gcc/arm-none-eabi/7.1.0/thumb/libgcc.a(unwind-arm.o)
                0x0000000002003c80                __gnu_Unwind_ForcedUnwind
 .text.__gnu_Unwind_Resume
                0x0000000002003c98       0x4c /opt/devkitpro/devkitARM/lib/gcc/arm-none-eabi/7.1.0/thumb/libgcc.a(unwind-arm.o)
                0x0000000002003c98                __gnu_Unwind_Resume
 .text.__gnu_Unwind_Resume_or_Rethrow
                0x0000000002003ce4       0x20 /opt/devkitpro/devkitARM/lib/gcc/arm-none-eabi/7.1.0/thumb/libgcc.a(unwind-arm.o)
                0x0000000002003ce4                __gnu_Unwind_Resume_or_Rethrow
 .text._Unwind_Complete
                0x0000000002003d04        0x4 /opt/devkitpro/devkitARM/lib/gcc/arm-none-eabi/7.1.0/thumb/libgcc.a(unwind-arm.o)
                0x0000000002003d04                _Unwind_Complete
 .text._Unwind_DeleteException
                0x0000000002003d08       0x18 /opt/devkitpro/devkitARM/lib/gcc/arm-none-eabi/7.1.0/thumb/libgcc.a(unwind-arm.o)
                0x0000000002003d08                _Unwind_DeleteException
 .text._Unwind_VRS_Get
                0x0000000002003d20       0x34 /opt/devkitpro/devkitARM/lib/gcc/arm-none-eabi/7.1.0/thumb/libgcc.a(unwind-arm.o)
                0x0000000002003d20                _Unwind_VRS_Get
 .text._Unwind_GetGR
                0x0000000002003d54       0x1c /opt/devkitpro/devkitARM/lib/gcc/arm-none-eabi/7.1.0/thumb/libgcc.a(unwind-arm.o)
 .text._Unwind_VRS_Set
                0x0000000002003d70       0x34 /opt/devkitpro/devkitARM/lib/gcc/arm-none-eabi/7.1.0/thumb/libgcc.a(unwind-arm.o)
                0x0000000002003d70                _Unwind_VRS_Set
 .text._Unwind_SetGR
                0x0000000002003da4       0x1c /opt/devkitpro/devkitARM/lib/gcc/arm-none-eabi/7.1.0/thumb/libgcc.a(unwind-arm.o)
 .text.__gnu_Unwind_Backtrace
                0x0000000002003dc0       0x80 /opt/devkitpro/devkitARM/lib/gcc/arm-none-eabi/7.1.0/thumb/libgcc.a(unwind-arm.o)
                0x0000000002003dc0                __gnu_Unwind_Backtrace
 .text.__gnu_unwind_pr_common
                0x0000000002003e40      0x2f4 /opt/devkitpro/devkitARM/lib/gcc/arm-none-eabi/7.1.0/thumb/libgcc.a(unwind-arm.o)
 .text.__aeabi_unwind_cpp_pr0
                0x0000000002004134       0x10 /opt/devkitpro/devkitARM/lib/gcc/arm-none-eabi/7.1.0/thumb/libgcc.a(unwind-arm.o)
                0x0000000002004134                __aeabi_unwind_cpp_pr0
 .text.__aeabi_unwind_cpp_pr1
                0x0000000002004144       0x10 /opt/devkitpro/devkitARM/lib/gcc/arm-none-eabi/7.1.0/thumb/libgcc.a(unwind-arm.o)
                0x0000000002004144                __aeabi_unwind_cpp_pr1
 .text.__aeabi_unwind_cpp_pr2
                0x0000000002004154       0x10 /opt/devkitpro/devkitARM/lib/gcc/arm-none-eabi/7.1.0/thumb/libgcc.a(unwind-arm.o)
                0x0000000002004154                __aeabi_unwind_cpp_pr2
 .text._Unwind_VRS_Pop
                0x0000000002004164      0x2b0 /opt/devkitpro/devkitARM/lib/gcc/arm-none-eabi/7.1.0/thumb/libgcc.a(unwind-arm.o)
                0x0000000002004164                _Unwind_VRS_Pop
 .text.next_unwind_byte
                0x0000000002004414       0x34 /opt/devkitpro/devkitARM/lib/gcc/arm-none-eabi/7.1.0/thumb/libgcc.a(pr-support.o)
 .text._Unwind_GetGR.constprop.0
                0x0000000002004448       0x1c /opt/devkitpro/devkitARM/lib/gcc/arm-none-eabi/7.1.0/thumb/libgcc.a(pr-support.o)
 .text.unwind_UCB_from_context
                0x0000000002004464        0xc /opt/devkitpro/devkitARM/lib/gcc/arm-none-eabi/7.1.0/thumb/libgcc.a(pr-support.o)
 .text.__gnu_unwind_execute
                0x0000000002004470      0x2f0 /opt/devkitpro/devkitARM/lib/gcc/arm-none-eabi/7.1.0/thumb/libgcc.a(pr-support.o)
                0x0000000002004470                __gnu_unwind_execute
 .text.__gnu_unwind_frame
                0x0000000002004760       0x2c /opt/devkitpro/devkitARM/lib/gcc/arm-none-eabi/7.1.0/thumb/libgcc.a(pr-support.o)
                0x0000000002004760                __gnu_unwind_frame
 .text._Unwind_GetRegionStart
                0x000000000200478c       0x10 /opt/devkitpro/devkitARM/lib/gcc/arm-none-eabi/7.1.0/thumb/libgcc.a(pr-support.o)
                0x000000000200478c                _Unwind_GetRegionStart
 .text._Unwind_GetLanguageSpecificData
                0x000000000200479c       0x18 /opt/devkitpro/devkitARM/lib/gcc/arm-none-eabi/7.1.0/thumb/libgcc.a(pr-support.o)
                0x000000000200479c                _Unwind_GetLanguageSpecificData
 .text._Unwind_GetDataRelBase
                0x00000000020047b4        0x8 /opt/devkitpro/devkitARM/lib/gcc/arm-none-eabi/7.1.0/thumb/libgcc.a(pr-support.o)
                0x00000000020047b4                _Unwind_GetDataRelBase
 .text._Unwind_GetTextRelBase
                0x00000000020047bc        0x8 /opt/devkitpro/devkitARM/lib/gcc/arm-none-eabi/7.1.0/thumb/libgcc.a(pr-support.o)
                0x00000000020047bc                _Unwind_GetTextRelBase
 .text.abort    0x00000000020047c4       0x10 /opt/devkitpro/devkitARM/lib/gcc/arm-none-eabi/7.1.0/../../../../arm-none-eabi/lib/thumb/libg.a(lib_a-abort.o)
                0x00000000020047c4                abort
 .text.__libc_init_array
                0x00000000020047d4       0x54 /opt/devkitpro/devkitARM/lib/gcc/arm-none-eabi/7.1.0/../../../../arm-none-eabi/lib/thumb/libg.a(lib_a-init.o)
                0x00000000020047d4                __libc_init_array
 .text.malloc   0x0000000002004828       0x14 /opt/devkitpro/devkitARM/lib/gcc/arm-none-eabi/7.1.0/../../../../arm-none-eabi/lib/thumb/libg.a(lib_a-malloc.o)
                0x0000000002004828                malloc
 .text.free     0x000000000200483c       0x14 /opt/devkitpro/devkitARM/lib/gcc/arm-none-eabi/7.1.0/../../../../arm-none-eabi/lib/thumb/libg.a(lib_a-malloc.o)
                0x000000000200483c                free
 .text._malloc_r
                0x0000000002004850      0x56c /opt/devkitpro/devkitARM/lib/gcc/arm-none-eabi/7.1.0/../../../../arm-none-eabi/lib/thumb/libg.a(lib_a-mallocr.o)
                0x0000000002004850                _malloc_r
 .text.memcpy   0x0000000002004dbc       0x8c /opt/devkitpro/devkitARM/lib/gcc/arm-none-eabi/7.1.0/../../../../arm-none-eabi/lib/thumb/libg.a(lib_a-memcpy-stub.o)
                0x0000000002004dbc                memcpy
 .text.memset   0x0000000002004e48       0xa4 /opt/devkitpro/devkitARM/lib/gcc/arm-none-eabi/7.1.0/../../../../arm-none-eabi/lib/thumb/libg.a(lib_a-memset.o)
                0x0000000002004e48                memset
 .text.__malloc_lock
                0x0000000002004eec       0x14 /opt/devkitpro/devkitARM/lib/gcc/arm-none-eabi/7.1.0/../../../../arm-none-eabi/lib/thumb/libg.a(lib_a-mlock.o)
                0x0000000002004eec                __malloc_lock
 .text.__malloc_unlock
                0x0000000002004f00       0x14 /opt/devkitpro/devkitARM/lib/gcc/arm-none-eabi/7.1.0/../../../../arm-none-eabi/lib/thumb/libg.a(lib_a-mlock.o)
                0x0000000002004f00                __malloc_unlock
 .text.rand     0x0000000002004f14       0x34 /opt/devkitpro/devkitARM/lib/gcc/arm-none-eabi/7.1.0/../../../../arm-none-eabi/lib/thumb/libg.a(lib_a-rand.o)
                0x0000000002004f14                rand
 .text._raise_r
                0x0000000002004f48       0x64 /opt/devkitpro/devkitARM/lib/gcc/arm-none-eabi/7.1.0/../../../../arm-none-eabi/lib/thumb/libg.a(lib_a-signal.o)
                0x0000000002004f48                _raise_r
 .text.raise    0x0000000002004fac       0x14 /opt/devkitpro/devkitARM/lib/gcc/arm-none-eabi/7.1.0/../../../../arm-none-eabi/lib/thumb/libg.a(lib_a-signal.o)
                0x0000000002004fac                raise
 .text._malloc_trim_r
                0x0000000002004fc0       0xa4 /opt/devkitpro/devkitARM/lib/gcc/arm-none-eabi/7.1.0/../../../../arm-none-eabi/lib/thumb/libg.a(lib_a-freer.o)
                0x0000000002004fc0                _malloc_trim_r
 .text._free_r  0x0000000002005064      0x1d8 /opt/devkitpro/devkitARM/lib/gcc/arm-none-eabi/7.1.0/../../../../arm-none-eabi/lib/thumb/libg.a(lib_a-freer.o)
                0x0000000002005064                _free_r
 .text._getpid_r
                0x000000000200523c        0xc /opt/devkitpro/devkitARM/lib/gcc/arm-none-eabi/7.1.0/../../../../arm-none-eabi/lib/thumb/libsysbase.a(getpid.o)
                0x000000000200523c                _getpid_r
 .text._kill_r  0x0000000002005248        0xc /opt/devkitpro/devkitARM/lib/gcc/arm-none-eabi/7.1.0/../../../../arm-none-eabi/lib/thumb/libsysbase.a(kill.o)
                0x0000000002005248                _kill_r
 .text._sbrk_r  0x0000000002005254       0x54 /opt/devkitpro/devkitARM/lib/gcc/arm-none-eabi/7.1.0/../../../../arm-none-eabi/lib/thumb/libsysbase.a(sbrk.o)
                0x0000000002005254                _sbrk_r
 .text._exit    0x00000000020052a8       0x18 /opt/devkitpro/devkitARM/lib/gcc/arm-none-eabi/7.1.0/../../../../arm-none-eabi/lib/thumb/libsysbase.a(_exit.o)
                0x00000000020052a8                _exit
 .text.build_argv
                0x00000000020052c0       0x4c /opt/devkitpro/devkitARM/lib/gcc/arm-none-eabi/7.1.0/../../../../arm-none-eabi/lib/thumb/libsysbase.a(build_argv.o)
                0x00000000020052c0                build_argv
 .text.__libc_lock_acquire_recursive
                0x000000000200530c       0x1c /opt/devkitpro/devkitARM/lib/gcc/arm-none-eabi/7.1.0/../../../../arm-none-eabi/lib/thumb/libsysbase.a(syscall_support.o)
                0x000000000200530c                __libc_lock_acquire_recursive
 .text.__libc_lock_release_recursive
                0x0000000002005328       0x1c /opt/devkitpro/devkitARM/lib/gcc/arm-none-eabi/7.1.0/../../../../arm-none-eabi/lib/thumb/libsysbase.a(syscall_support.o)
                0x0000000002005328                __libc_lock_release_recursive
 .text.__getreent
                0x0000000002005344       0x28 /opt/devkitpro/devkitARM/lib/gcc/arm-none-eabi/7.1.0/../../../../arm-none-eabi/lib/thumb/libsysbase.a(getreent.o)
                0x0000000002005344                __getreent
 .text.__muldi3
                0x000000000200536c       0x60 /opt/devkitpro/devkitARM/lib/gcc/arm-none-eabi/7.1.0/thumb/libgcc.a(_muldi3.o)
                0x000000000200536c                __aeabi_lmul
                0x000000000200536c                __muldi3
 *fill*         0x00000000020053cc        0x4 ff
 .text.__muldi3.__stub
                0x00000000020053d0       0xc0 linker stubs
 *(EXCLUDE_FILE(*.twl*) .gnu.warning)
 *(EXCLUDE_FILE(*.twl*) .gnu.linkonce.t*)
 *(.glue_7)
 .glue_7        0x0000000002005498        0x0 linker stubs
 *(.glue_7t)
 .glue_7t       0x0000000002005498        0x0 linker stubs
                0x0000000002005498                . = ALIGN (0x4)

.vfp11_veneer   0x0000000002005498        0x0
 .vfp11_veneer  0x0000000002005498        0x0 linker stubs

.v4_bx          0x0000000002005498        0x0
 .v4_bx         0x0000000002005498        0x0 linker stubs

.iplt           0x0000000002005498        0x0
 .iplt          0x0000000002005498        0x0 /opt/devkitpro/devkitARM/lib/gcc/arm-none-eabi/7.1.0/../../../../arm-none-eabi/lib/thumb/ds_arm9_crt0.o

.fini           0x0000000002005498        0xc
 *(.fini)
 .fini          0x0000000002005498        0x4 /opt/devkitpro/devkitARM/lib/gcc/arm-none-eabi/7.1.0/thumb/crti.o
                0x0000000002005498                _fini
 .fini          0x000000000200549c        0x8 /opt/devkitpro/devkitARM/lib/gcc/arm-none-eabi/7.1.0/thumb/crtn.o
                0x00000000020054a4                __text_end = .

.rodata         0x00000000020054a4      0x1fc
 *(EXCLUDE_FILE(*.twl*) .rodata)
 *all.rodata*(*)
 *(EXCLUDE_FILE(*.twl*) .roda)
 *(EXCLUDE_FILE(*.twl*) .rodata.*)
 .rodata._ZNKSt9bad_alloc4whatEv.str1.4
                0x00000000020054a4        0xf /opt/devkitpro/devkitARM/lib/gcc/arm-none-eabi/7.1.0/../../../../arm-none-eabi/lib/thumb/libstdc++.a(bad_alloc.o)
 *fill*         0x00000000020054b3        0x1 ff
 .rodata._ZTISt9bad_alloc
                0x00000000020054b4        0xc /opt/devkitpro/devkitARM/lib/gcc/arm-none-eabi/7.1.0/../../../../arm-none-eabi/lib/thumb/libstdc++.a(bad_alloc.o)
                0x00000000020054b4                typeinfo for std::bad_alloc
 .rodata._ZTSSt9bad_alloc
                0x00000000020054c0        0xd /opt/devkitpro/devkitARM/lib/gcc/arm-none-eabi/7.1.0/../../../../arm-none-eabi/lib/thumb/libstdc++.a(bad_alloc.o)
                0x00000000020054c0                typeinfo name for std::bad_alloc
 *fill*         0x00000000020054cd        0x3 ff
 .rodata._ZTVSt9bad_alloc
                0x00000000020054d0       0x14 /opt/devkitpro/devkitARM/lib/gcc/arm-none-eabi/7.1.0/../../../../arm-none-eabi/lib/thumb/libstdc++.a(bad_alloc.o)
                0x00000000020054d0                vtable for std::bad_alloc
 .rodata._ZNKSt13bad_exception4whatEv.str1.4
                0x00000000020054e4       0x14 /opt/devkitpro/devkitARM/lib/gcc/arm-none-eabi/7.1.0/../../../../arm-none-eabi/lib/thumb/libstdc++.a(eh_exception.o)
                                         0x13 (size before relaxing)
 .rodata._ZTIN10__cxxabiv115__forced_unwindE
                0x00000000020054f8        0x8 /opt/devkitpro/devkitARM/lib/gcc/arm-none-eabi/7.1.0/../../../../arm-none-eabi/lib/thumb/libstdc++.a(eh_exception.o)
                0x00000000020054f8                typeinfo for __cxxabiv1::__forced_unwind
 .rodata._ZTIN10__cxxabiv119__foreign_exceptionE
                0x0000000002005500        0x8 /opt/devkitpro/devkitARM/lib/gcc/arm-none-eabi/7.1.0/../../../../arm-none-eabi/lib/thumb/libstdc++.a(eh_exception.o)
                0x0000000002005500                typeinfo for __cxxabiv1::__foreign_exception
 .rodata._ZTISt13bad_exception
                0x0000000002005508        0xc /opt/devkitpro/devkitARM/lib/gcc/arm-none-eabi/7.1.0/../../../../arm-none-eabi/lib/thumb/libstdc++.a(eh_exception.o)
                0x0000000002005508                typeinfo for std::bad_exception
 .rodata._ZTISt9exception
                0x0000000002005514        0x8 /opt/devkitpro/devkitARM/lib/gcc/arm-none-eabi/7.1.0/../../../../arm-none-eabi/lib/thumb/libstdc++.a(eh_exception.o)
                0x0000000002005514                typeinfo for std::exception
 .rodata._ZTSN10__cxxabiv115__forced_unwindE
                0x000000000200551c       0x20 /opt/devkitpro/devkitARM/lib/gcc/arm-none-eabi/7.1.0/../../../../arm-none-eabi/lib/thumb/libstdc++.a(eh_exception.o)
                0x000000000200551c                typeinfo name for __cxxabiv1::__forced_unwind
 .rodata._ZTSN10__cxxabiv119__foreign_exceptionE
                0x000000000200553c       0x24 /opt/devkitpro/devkitARM/lib/gcc/arm-none-eabi/7.1.0/../../../../arm-none-eabi/lib/thumb/libstdc++.a(eh_exception.o)
                0x000000000200553c                typeinfo name for __cxxabiv1::__foreign_exception
 .rodata._ZTSSt13bad_exception
                0x0000000002005560       0x12 /opt/devkitpro/devkitARM/lib/gcc/arm-none-eabi/7.1.0/../../../../arm-none-eabi/lib/thumb/libstdc++.a(eh_exception.o)
                0x0000000002005560                typeinfo name for std::bad_exception
 *fill*         0x0000000002005572        0x2 ff
 .rodata._ZTSSt9exception
                0x0000000002005574        0xd /opt/devkitpro/devkitARM/lib/gcc/arm-none-eabi/7.1.0/../../../../arm-none-eabi/lib/thumb/libstdc++.a(eh_exception.o)
                0x0000000002005574                typeinfo name for std::exception
 *fill*         0x0000000002005581        0x3 ff
 .rodata._ZTVSt13bad_exception
                0x0000000002005584       0x14 /opt/devkitpro/devkitARM/lib/gcc/arm-none-eabi/7.1.0/../../../../arm-none-eabi/lib/thumb/libstdc++.a(eh_exception.o)
                0x0000000002005584                vtable for std::bad_exception
 .rodata._ZTIN10__cxxabiv120__si_class_type_infoE
                0x0000000002005598        0xc /opt/devkitpro/devkitARM/lib/gcc/arm-none-eabi/7.1.0/../../../../arm-none-eabi/lib/thumb/libstdc++.a(si_class_type_info.o)
                0x0000000002005598                typeinfo for __cxxabiv1::__si_class_type_info
 .rodata._ZTSN10__cxxabiv120__si_class_type_infoE
                0x00000000020055a4       0x25 /opt/devkitpro/devkitARM/lib/gcc/arm-none-eabi/7.1.0/../../../../arm-none-eabi/lib/thumb/libstdc++.a(si_class_type_info.o)
                0x00000000020055a4                typeinfo name for __cxxabiv1::__si_class_type_info
 *fill*         0x00000000020055c9        0x3 ff
 .rodata._ZTVN10__cxxabiv120__si_class_type_infoE
                0x00000000020055cc       0x2c /opt/devkitpro/devkitARM/lib/gcc/arm-none-eabi/7.1.0/../../../../arm-none-eabi/lib/thumb/libstdc++.a(si_class_type_info.o)
                0x00000000020055cc                vtable for __cxxabiv1::__si_class_type_info
 .rodata._ZTISt9type_info
                0x00000000020055f8        0x8 /opt/devkitpro/devkitARM/lib/gcc/arm-none-eabi/7.1.0/../../../../arm-none-eabi/lib/thumb/libstdc++.a(tinfo.o)
                0x00000000020055f8                typeinfo for std::type_info
 .rodata._ZTSSt9type_info
                0x0000000002005600        0xd /opt/devkitpro/devkitARM/lib/gcc/arm-none-eabi/7.1.0/../../../../arm-none-eabi/lib/thumb/libstdc++.a(tinfo.o)
                0x0000000002005600                typeinfo name for std::type_info
 *fill*         0x000000000200560d        0x3 ff
 .rodata._ZL28read_encoded_value_with_basehjPKhPj
                0x0000000002005610       0x34 /opt/devkitpro/devkitARM/lib/gcc/arm-none-eabi/7.1.0/../../../../arm-none-eabi/lib/thumb/libstdc++.a(eh_personality.o)
 .rodata._ZTIN10__cxxabiv117__class_type_infoE
                0x0000000002005644        0xc /opt/devkitpro/devkitARM/lib/gcc/arm-none-eabi/7.1.0/../../../../arm-none-eabi/lib/thumb/libstdc++.a(class_type_info.o)
                0x0000000002005644                typeinfo for __cxxabiv1::__class_type_info
 .rodata._ZTSN10__cxxabiv117__class_type_infoE
                0x0000000002005650       0x22 /opt/devkitpro/devkitARM/lib/gcc/arm-none-eabi/7.1.0/../../../../arm-none-eabi/lib/thumb/libstdc++.a(class_type_info.o)
                0x0000000002005650                typeinfo name for __cxxabiv1::__class_type_info
 *fill*         0x0000000002005672        0x2 ff
 .rodata._ZTVN10__cxxabiv117__class_type_infoE
                0x0000000002005674       0x2c /opt/devkitpro/devkitARM/lib/gcc/arm-none-eabi/7.1.0/../../../../arm-none-eabi/lib/thumb/libstdc++.a(class_type_info.o)
                0x0000000002005674                vtable for __cxxabiv1::__class_type_info
 *(EXCLUDE_FILE(*.twl*) .gnu.linkonce.r*)
                0x00000000020056a0                . = ALIGN (0x4)

.ARM.extab      0x00000000020056a0       0xa4
 *(.ARM.extab* .gnu.linkonce.armextab.*)
 .ARM.extab.text._ZN10__cxxabiv111__terminateEPFvvE
                0x00000000020056a0       0x28 /opt/devkitpro/devkitARM/lib/gcc/arm-none-eabi/7.1.0/../../../../arm-none-eabi/lib/thumb/libstdc++.a(eh_terminate.o)
 .ARM.extab.text.__cxa_type_match
                0x00000000020056c8        0xc /opt/devkitpro/devkitARM/lib/gcc/arm-none-eabi/7.1.0/../../../../arm-none-eabi/lib/thumb/libstdc++.a(eh_arm.o)
 .ARM.extab.text._ZNK10__cxxabiv120__si_class_type_info12__do_dyncastEiNS_17__class_type_info10__sub_kindEPKS1_PKvS4_S6_RNS1_16__dyncast_resultE
                0x00000000020056d4        0xc /opt/devkitpro/devkitARM/lib/gcc/arm-none-eabi/7.1.0/../../../../arm-none-eabi/lib/thumb/libstdc++.a(si_class_type_info.o)
 .ARM.extab.text.__cxa_call_unexpected
                0x00000000020056e0       0x30 /opt/devkitpro/devkitARM/lib/gcc/arm-none-eabi/7.1.0/../../../../arm-none-eabi/lib/thumb/libstdc++.a(eh_call.o)
 .ARM.extab.text.__cxa_begin_catch
                0x0000000002005710        0xc /opt/devkitpro/devkitARM/lib/gcc/arm-none-eabi/7.1.0/../../../../arm-none-eabi/lib/thumb/libstdc++.a(eh_catch.o)
 .ARM.extab.text.__gxx_personality_v0
                0x000000000200571c       0x28 /opt/devkitpro/devkitARM/lib/gcc/arm-none-eabi/7.1.0/../../../../arm-none-eabi/lib/thumb/libstdc++.a(eh_personality.o)
                0x0000000002005744                __exidx_start = .

ARM.exidx       0x0000000002005744       0xf8
 *(.ARM.exidx* .gnu.linkonce.armexidx.*)
 .ARM.exidx.text._Znwj
                0x0000000002005744        0x8 /opt/devkitpro/devkitARM/lib/gcc/arm-none-eabi/7.1.0/../../../../arm-none-eabi/lib/thumb/libstdc++.a(new_op.o)
 .ARM.exidx.text._ZN12_GLOBAL__N_14pool4freeEPv.constprop.4
                0x000000000200574c        0x8 /opt/devkitpro/devkitARM/lib/gcc/arm-none-eabi/7.1.0/../../../../arm-none-eabi/lib/thumb/libstdc++.a(eh_alloc.o)
 .ARM.exidx.text._ZN12_GLOBAL__N_14pool8allocateEj.constprop.5
                0x0000000002005754        0x0 /opt/devkitpro/devkitARM/lib/gcc/arm-none-eabi/7.1.0/../../../../arm-none-eabi/lib/thumb/libstdc++.a(eh_alloc.o)
                                          0x8 (size before relaxing)
 .ARM.exidx.text.__cxa_allocate_exception
                0x0000000002005754        0x0 /opt/devkitpro/devkitARM/lib/gcc/arm-none-eabi/7.1.0/../../../../arm-none-eabi/lib/thumb/libstdc++.a(eh_alloc.o)
                                          0x8 (size before relaxing)
 .ARM.exidx.text.__cxa_free_exception
                0x0000000002005754        0x0 /opt/devkitpro/devkitARM/lib/gcc/arm-none-eabi/7.1.0/../../../../arm-none-eabi/lib/thumb/libstdc++.a(eh_alloc.o)
                                          0x8 (size before relaxing)
 .ARM.exidx.text.startup._GLOBAL__sub_I__ZN9__gnu_cxx9__freeresEv
                0x0000000002005754        0x0 /opt/devkitpro/devkitARM/lib/gcc/arm-none-eabi/7.1.0/../../../../arm-none-eabi/lib/thumb/libstdc++.a(eh_alloc.o)
                                          0x8 (size before relaxing)
 .ARM.exidx.text._ZSt15get_new_handlerv
                0x0000000002005754        0x0 /opt/devkitpro/devkitARM/lib/gcc/arm-none-eabi/7.1.0/../../../../arm-none-eabi/lib/thumb/libstdc++.a(new_handler.o)
                                          0x8 (size before relaxing)
 .ARM.exidx.text._ZN10__cxxabiv111__terminateEPFvvE
                0x0000000002005754        0x8 /opt/devkitpro/devkitARM/lib/gcc/arm-none-eabi/7.1.0/../../../../arm-none-eabi/lib/thumb/libstdc++.a(eh_terminate.o)
 .ARM.exidx.text._ZSt9terminatev
                0x000000000200575c        0x8 /opt/devkitpro/devkitARM/lib/gcc/arm-none-eabi/7.1.0/../../../../arm-none-eabi/lib/thumb/libstdc++.a(eh_terminate.o)
 .ARM.exidx.text._ZN10__cxxabiv112__unexpectedEPFvvE
                0x0000000002005764        0x8 /opt/devkitpro/devkitARM/lib/gcc/arm-none-eabi/7.1.0/../../../../arm-none-eabi/lib/thumb/libstdc++.a(eh_terminate.o)
 .ARM.exidx.text._ZSt10unexpectedv
                0x000000000200576c        0x0 /opt/devkitpro/devkitARM/lib/gcc/arm-none-eabi/7.1.0/../../../../arm-none-eabi/lib/thumb/libstdc++.a(eh_terminate.o)
                                          0x8 (size before relaxing)
 .ARM.exidx.text._ZSt13get_terminatev
                0x000000000200576c        0x8 /opt/devkitpro/devkitARM/lib/gcc/arm-none-eabi/7.1.0/../../../../arm-none-eabi/lib/thumb/libstdc++.a(eh_terminate.o)
 .ARM.exidx.text._ZSt14get_unexpectedv
                0x0000000002005774        0x0 /opt/devkitpro/devkitARM/lib/gcc/arm-none-eabi/7.1.0/../../../../arm-none-eabi/lib/thumb/libstdc++.a(eh_terminate.o)
                                          0x8 (size before relaxing)
 .ARM.exidx.text._ZNKSt9bad_alloc4whatEv
                0x0000000002005774        0x0 /opt/devkitpro/devkitARM/lib/gcc/arm-none-eabi/7.1.0/../../../../arm-none-eabi/lib/thumb/libstdc++.a(bad_alloc.o)
                                          0x8 (size before relaxing)
 .ARM.exidx.text._ZNSt9bad_allocD2Ev
                0x0000000002005774        0x0 /opt/devkitpro/devkitARM/lib/gcc/arm-none-eabi/7.1.0/../../../../arm-none-eabi/lib/thumb/libstdc++.a(bad_alloc.o)
                                          0x8 (size before relaxing)
 .ARM.exidx.text._ZNSt9bad_allocD0Ev
                0x0000000002005774        0x0 /opt/devkitpro/devkitARM/lib/gcc/arm-none-eabi/7.1.0/../../../../arm-none-eabi/lib/thumb/libstdc++.a(bad_alloc.o)
                                          0x8 (size before relaxing)
 .ARM.exidx.text.__cxa_type_match
                0x0000000002005774        0x8 /opt/devkitpro/devkitARM/lib/gcc/arm-none-eabi/7.1.0/../../../../arm-none-eabi/lib/thumb/libstdc++.a(eh_arm.o)
 .ARM.exidx.text.__cxa_begin_cleanup
                0x000000000200577c        0x8 /opt/devkitpro/devkitARM/lib/gcc/arm-none-eabi/7.1.0/../../../../arm-none-eabi/lib/thumb/libstdc++.a(eh_arm.o)
 .ARM.exidx.text.__gnu_end_cleanup
                0x0000000002005784        0x0 /opt/devkitpro/devkitARM/lib/gcc/arm-none-eabi/7.1.0/../../../../arm-none-eabi/lib/thumb/libstdc++.a(eh_arm.o)
                                          0x8 (size before relaxing)
 .ARM.exidx.text._ZL23__gxx_exception_cleanup19_Unwind_Reason_CodeP21_Unwind_Control_Block
                0x0000000002005784        0x8 /opt/devkitpro/devkitARM/lib/gcc/arm-none-eabi/7.1.0/../../../../arm-none-eabi/lib/thumb/libstdc++.a(eh_throw.o)
 .ARM.exidx.text.__cxa_init_primary_exception
                0x000000000200578c        0x8 /opt/devkitpro/devkitARM/lib/gcc/arm-none-eabi/7.1.0/../../../../arm-none-eabi/lib/thumb/libstdc++.a(eh_throw.o)
 .ARM.exidx.text.__cxa_throw
                0x0000000002005794        0x8 /opt/devkitpro/devkitARM/lib/gcc/arm-none-eabi/7.1.0/../../../../arm-none-eabi/lib/thumb/libstdc++.a(eh_throw.o)
 .ARM.exidx.text.__cxa_rethrow
                0x000000000200579c        0x8 /opt/devkitpro/devkitARM/lib/gcc/arm-none-eabi/7.1.0/../../../../arm-none-eabi/lib/thumb/libstdc++.a(eh_throw.o)
 .ARM.exidx.text._ZNSt9exceptionD2Ev
                0x00000000020057a4        0x8 /opt/devkitpro/devkitARM/lib/gcc/arm-none-eabi/7.1.0/../../../../arm-none-eabi/lib/thumb/libstdc++.a(eh_exception.o)
 .ARM.exidx.text._ZNSt13bad_exceptionD2Ev
                0x00000000020057ac        0x0 /opt/devkitpro/devkitARM/lib/gcc/arm-none-eabi/7.1.0/../../../../arm-none-eabi/lib/thumb/libstdc++.a(eh_exception.o)
                                          0x8 (size before relaxing)
 .ARM.exidx.text._ZNKSt13bad_exception4whatEv
                0x00000000020057ac        0x0 /opt/devkitpro/devkitARM/lib/gcc/arm-none-eabi/7.1.0/../../../../arm-none-eabi/lib/thumb/libstdc++.a(eh_exception.o)
                                          0x8 (size before relaxing)
 .ARM.exidx.text._ZNSt13bad_exceptionD0Ev
                0x00000000020057ac        0x0 /opt/devkitpro/devkitARM/lib/gcc/arm-none-eabi/7.1.0/../../../../arm-none-eabi/lib/thumb/libstdc++.a(eh_exception.o)
                                          0x8 (size before relaxing)
 .ARM.exidx.text._ZN10__cxxabiv120__si_class_type_infoD2Ev
                0x00000000020057ac        0x0 /opt/devkitpro/devkitARM/lib/gcc/arm-none-eabi/7.1.0/../../../../arm-none-eabi/lib/thumb/libstdc++.a(si_class_type_info.o)
                                          0x8 (size before relaxing)
 .ARM.exidx.text._ZN10__cxxabiv120__si_class_type_infoD0Ev
                0x00000000020057ac        0x0 /opt/devkitpro/devkitARM/lib/gcc/arm-none-eabi/7.1.0/../../../../arm-none-eabi/lib/thumb/libstdc++.a(si_class_type_info.o)
                                          0x8 (size before relaxing)
 .ARM.exidx.text._ZNK10__cxxabiv120__si_class_type_info20__do_find_public_srcEiPKvPKNS_17__class_type_infoES2_
                0x00000000020057ac        0x8 /opt/devkitpro/devkitARM/lib/gcc/arm-none-eabi/7.1.0/../../../../arm-none-eabi/lib/thumb/libstdc++.a(si_class_type_info.o)
 .ARM.exidx.text._ZNK10__cxxabiv120__si_class_type_info12__do_dyncastEiNS_17__class_type_info10__sub_kindEPKS1_PKvS4_S6_RNS1_16__dyncast_resultE
                0x00000000020057b4        0x8 /opt/devkitpro/devkitARM/lib/gcc/arm-none-eabi/7.1.0/../../../../arm-none-eabi/lib/thumb/libstdc++.a(si_class_type_info.o)
 .ARM.exidx.text._ZNK10__cxxabiv120__si_class_type_info11__do_upcastEPKNS_17__class_type_infoEPKvRNS1_15__upcast_resultE
                0x00000000020057bc        0x8 /opt/devkitpro/devkitARM/lib/gcc/arm-none-eabi/7.1.0/../../../../arm-none-eabi/lib/thumb/libstdc++.a(si_class_type_info.o)
 .ARM.exidx.text._ZN10__cxxabiv1L24__is_gxx_exception_classEPc
                0x00000000020057c4        0x8 /opt/devkitpro/devkitARM/lib/gcc/arm-none-eabi/7.1.0/../../../../arm-none-eabi/lib/thumb/libstdc++.a(eh_call.o)
 .ARM.exidx.text.__cxa_call_terminate
                0x00000000020057cc        0x0 /opt/devkitpro/devkitARM/lib/gcc/arm-none-eabi/7.1.0/../../../../arm-none-eabi/lib/thumb/libstdc++.a(eh_call.o)
                                          0x8 (size before relaxing)
 .ARM.exidx.text.__cxa_call_unexpected
                0x00000000020057cc        0x8 /opt/devkitpro/devkitARM/lib/gcc/arm-none-eabi/7.1.0/../../../../arm-none-eabi/lib/thumb/libstdc++.a(eh_call.o)
 .ARM.exidx.text.__cxa_get_globals_fast
                0x00000000020057d4        0x8 /opt/devkitpro/devkitARM/lib/gcc/arm-none-eabi/7.1.0/../../../../arm-none-eabi/lib/thumb/libstdc++.a(eh_globals.o)
 .ARM.exidx.text.__cxa_get_globals
                0x00000000020057dc        0x0 /opt/devkitpro/devkitARM/lib/gcc/arm-none-eabi/7.1.0/../../../../arm-none-eabi/lib/thumb/libstdc++.a(eh_globals.o)
                                          0x8 (size before relaxing)
 .ARM.exidx.text._ZdlPvj
                0x00000000020057dc        0x0 /opt/devkitpro/devkitARM/lib/gcc/arm-none-eabi/7.1.0/../../../../arm-none-eabi/lib/thumb/libstdc++.a(del_ops.o)
                                          0x8 (size before relaxing)
 .ARM.exidx.text.__cxa_begin_catch
                0x00000000020057dc        0x8 /opt/devkitpro/devkitARM/lib/gcc/arm-none-eabi/7.1.0/../../../../arm-none-eabi/lib/thumb/libstdc++.a(eh_catch.o)
 .ARM.exidx.text.__cxa_end_catch
                0x00000000020057e4        0x8 /opt/devkitpro/devkitARM/lib/gcc/arm-none-eabi/7.1.0/../../../../arm-none-eabi/lib/thumb/libstdc++.a(eh_catch.o)
 .ARM.exidx.text._ZNSt9type_infoD2Ev
                0x00000000020057ec        0x8 /opt/devkitpro/devkitARM/lib/gcc/arm-none-eabi/7.1.0/../../../../arm-none-eabi/lib/thumb/libstdc++.a(tinfo.o)
 .ARM.exidx.text._ZNKSt9type_info14__is_pointer_pEv
                0x00000000020057f4        0x0 /opt/devkitpro/devkitARM/lib/gcc/arm-none-eabi/7.1.0/../../../../arm-none-eabi/lib/thumb/libstdc++.a(tinfo.o)
                                          0x8 (size before relaxing)
 .ARM.exidx.text._ZNKSt9type_infoeqERKS_
                0x00000000020057f4        0x0 /opt/devkitpro/devkitARM/lib/gcc/arm-none-eabi/7.1.0/../../../../arm-none-eabi/lib/thumb/libstdc++.a(tinfo.o)
                                          0x8 (size before relaxing)
 .ARM.exidx.text._ZL28read_encoded_value_with_basehjPKhPj
                0x00000000020057f4        0x8 /opt/devkitpro/devkitARM/lib/gcc/arm-none-eabi/7.1.0/../../../../arm-none-eabi/lib/thumb/libstdc++.a(eh_personality.o)
 .ARM.exidx.text._ZL21base_of_encoded_valuehP15_Unwind_Context.part.3
                0x00000000020057fc        0x8 /opt/devkitpro/devkitARM/lib/gcc/arm-none-eabi/7.1.0/../../../../arm-none-eabi/lib/thumb/libstdc++.a(eh_personality.o)
 .ARM.exidx.text._ZL17parse_lsda_headerP15_Unwind_ContextPKhP16lsda_header_info
                0x0000000002005804        0x8 /opt/devkitpro/devkitARM/lib/gcc/arm-none-eabi/7.1.0/../../../../arm-none-eabi/lib/thumb/libstdc++.a(eh_personality.o)
 .ARM.exidx.text.__gxx_personality_v0
                0x000000000200580c        0x8 /opt/devkitpro/devkitARM/lib/gcc/arm-none-eabi/7.1.0/../../../../arm-none-eabi/lib/thumb/libstdc++.a(eh_personality.o)
 .ARM.exidx.text._ZdlPv
                0x0000000002005814        0x8 /opt/devkitpro/devkitARM/lib/gcc/arm-none-eabi/7.1.0/../../../../arm-none-eabi/lib/thumb/libstdc++.a(del_op.o)
 .ARM.exidx.text._ZNK10__cxxabiv117__class_type_info11__do_upcastEPKS0_PPv
                0x000000000200581c        0x8 /opt/devkitpro/devkitARM/lib/gcc/arm-none-eabi/7.1.0/../../../../arm-none-eabi/lib/thumb/libstdc++.a(class_type_info.o)
 .ARM.exidx.text._ZNK10__cxxabiv117__class_type_info20__do_find_public_srcEiPKvPKS0_S2_
                0x0000000002005824        0x8 /opt/devkitpro/devkitARM/lib/gcc/arm-none-eabi/7.1.0/../../../../arm-none-eabi/lib/thumb/libstdc++.a(class_type_info.o)
 .ARM.exidx.text._ZN10__cxxabiv117__class_type_infoD2Ev
                0x000000000200582c        0x0 /opt/devkitpro/devkitARM/lib/gcc/arm-none-eabi/7.1.0/../../../../arm-none-eabi/lib/thumb/libstdc++.a(class_type_info.o)
                                          0x8 (size before relaxing)
 .ARM.exidx.text._ZN10__cxxabiv117__class_type_infoD0Ev
                0x000000000200582c        0x0 /opt/devkitpro/devkitARM/lib/gcc/arm-none-eabi/7.1.0/../../../../arm-none-eabi/lib/thumb/libstdc++.a(class_type_info.o)
                                          0x8 (size before relaxing)
 .ARM.exidx.text._ZNK10__cxxabiv117__class_type_info12__do_dyncastEiNS0_10__sub_kindEPKS0_PKvS3_S5_RNS0_16__dyncast_resultE
                0x000000000200582c        0x0 /opt/devkitpro/devkitARM/lib/gcc/arm-none-eabi/7.1.0/../../../../arm-none-eabi/lib/thumb/libstdc++.a(class_type_info.o)
                                          0x8 (size before relaxing)
 .ARM.exidx.text._ZNK10__cxxabiv117__class_type_info11__do_upcastEPKS0_PKvRNS0_15__upcast_resultE
                0x000000000200582c        0x0 /opt/devkitpro/devkitARM/lib/gcc/arm-none-eabi/7.1.0/../../../../arm-none-eabi/lib/thumb/libstdc++.a(class_type_info.o)
                                          0x8 (size before relaxing)
 .ARM.exidx.text._ZNK10__cxxabiv117__class_type_info10__do_catchEPKSt9type_infoPPvj
                0x000000000200582c       0x10 /opt/devkitpro/devkitARM/lib/gcc/arm-none-eabi/7.1.0/../../../../arm-none-eabi/lib/thumb/libstdc++.a(class_type_info.o)
                                          0x8 (size before relaxing)
                0x000000000200583c                __exidx_end = .
                0x000000000200583c                . = ALIGN (0x4)
                0x000000000200583c                PROVIDE (__preinit_array_start, .)

.preinit_array
 *(.preinit_array)
                0x000000000200583c                PROVIDE (__preinit_array_end, .)
                0x000000000200583c                PROVIDE (__init_array_start, .)

.init_array     0x000000000200583c        0x8
 *(SORT(.init_array.*))
 *(.init_array)
 .init_array    0x000000000200583c        0x4 /opt/devkitpro/devkitARM/lib/gcc/arm-none-eabi/7.1.0/thumb/crtbegin.o
 .init_array    0x0000000002005840        0x4 /opt/devkitpro/devkitARM/lib/gcc/arm-none-eabi/7.1.0/../../../../arm-none-eabi/lib/thumb/libstdc++.a(eh_alloc.o)
                0x0000000002005844                PROVIDE (__init_array_end, .)
                [!provide]                        PROVIDE (__fini_array_start, .)

.fini_array     0x0000000002005844        0x4
 *(.fini_array)
 .fini_array    0x0000000002005844        0x4 /opt/devkitpro/devkitARM/lib/gcc/arm-none-eabi/7.1.0/thumb/crtbegin.o
 *(SORT(.fini_array.*))
                [!provide]                        PROVIDE (__fini_array_end, .)

.ctors          0x0000000002005848        0x0
 *crtbegin.o(.ctors)
 *(EXCLUDE_FILE(*crtend.o) .ctors)
 *(SORT(.ctors.*))
 *(.ctors)
                0x0000000002005848                . = ALIGN (0x4)

.dtors          0x0000000002005848        0x0
 *crtbegin.o(.dtors)
 *(EXCLUDE_FILE(*crtend.o) .dtors)
 *(SORT(.dtors.*))
 *(.dtors)
                0x0000000002005848                . = ALIGN (0x4)

.eh_frame       0x0000000002005848        0x4
 *(.eh_frame)
 .eh_frame      0x0000000002005848        0x0 /opt/devkitpro/devkitARM/lib/gcc/arm-none-eabi/7.1.0/thumb/crtbegin.o
 .eh_frame      0x0000000002005848        0x4 /opt/devkitpro/devkitARM/lib/gcc/arm-none-eabi/7.1.0/thumb/crtend.o
                0x000000000200584c                . = ALIGN (0x4)

.rel.dyn        0x000000000200584c        0x0
 .rel.iplt      0x000000000200584c        0x0 /opt/devkitpro/devkitARM/lib/gcc/arm-none-eabi/7.1.0/../../../../arm-none-eabi/lib/thumb/ds_arm9_crt0.o

.gcc_except_table
                0x000000000200584c        0x0
 *(.gcc_except_table)
                0x000000000200584c                . = ALIGN (0x4)

.jcr
 *(.jcr)

.got
 *(.got.plt)
 *(.got)
 *(.rel.got)

.ewram          0x000000000200584c        0x0
                0x000000000200584c                __ewram_start = ABSOLUTE (.)
 *(.ewram)
 *ewram.*(.text)
                0x000000000200584c                . = ALIGN (0x4)

.data           0x000000000200584c      0x8c4
                0x000000000200584c                __data_start = ABSOLUTE (.)
 *(EXCLUDE_FILE(*.twl*) .data)
 .data          0x000000000200584c       0x28 /opt/devkitpro/libnds/lib/libnds9.a(mpu_setup.o)
 *(EXCLUDE_FILE(*.twl*) .data.*)
 .data.count    0x0000000002005874        0x1 /opt/devkitpro/libnds/lib/libnds9.a(keys.o)
 .data.delay    0x0000000002005875        0x1 /opt/devkitpro/libnds/lib/libnds9.a(keys.o)
 .data.repeat   0x0000000002005876        0x1 /opt/devkitpro/libnds/lib/libnds9.a(keys.o)
 *fill*         0x0000000002005877        0x1 ff
 .data.fifo_buffer_free
                0x0000000002005878        0x4 /opt/devkitpro/libnds/lib/libnds9.a(fifosystem.o)
                0x0000000002005878                fifo_buffer_free
 .data.fifo_freewords
                0x000000000200587c        0x4 /opt/devkitpro/libnds/lib/libnds9.a(fifosystem.o)
                0x000000000200587c                fifo_freewords
 .data.fifo_receive_queue
                0x0000000002005880        0x4 /opt/devkitpro/libnds/lib/libnds9.a(fifosystem.o)
                0x0000000002005880                fifo_receive_queue
 .data.fifo_send_queue
                0x0000000002005884        0x4 /opt/devkitpro/libnds/lib/libnds9.a(fifosystem.o)
                0x0000000002005884                fifo_send_queue
 .data._ZN10__cxxabiv120__unexpected_handlerE
                0x0000000002005888        0x4 /opt/devkitpro/devkitARM/lib/gcc/arm-none-eabi/7.1.0/../../../../arm-none-eabi/lib/thumb/libstdc++.a(eh_unex_handler.o)
                0x0000000002005888                __cxxabiv1::__unexpected_handler
 .data._ZN10__cxxabiv119__terminate_handlerE
                0x000000000200588c        0x4 /opt/devkitpro/devkitARM/lib/gcc/arm-none-eabi/7.1.0/../../../../arm-none-eabi/lib/thumb/libstdc++.a(eh_term_handler.o)
                0x000000000200588c                __cxxabiv1::__terminate_handler
 .data.__malloc_av_
                0x0000000002005890      0x408 /opt/devkitpro/devkitARM/lib/gcc/arm-none-eabi/7.1.0/../../../../arm-none-eabi/lib/thumb/libg.a(lib_a-mallocr.o)
                0x0000000002005890                __malloc_av_
 .data.__malloc_sbrk_base
                0x0000000002005c98        0x4 /opt/devkitpro/devkitARM/lib/gcc/arm-none-eabi/7.1.0/../../../../arm-none-eabi/lib/thumb/libg.a(lib_a-mallocr.o)
                0x0000000002005c98                __malloc_sbrk_base
 .data.__malloc_trim_threshold
                0x0000000002005c9c        0x4 /opt/devkitpro/devkitARM/lib/gcc/arm-none-eabi/7.1.0/../../../../arm-none-eabi/lib/thumb/libg.a(lib_a-mallocr.o)
                0x0000000002005c9c                __malloc_trim_threshold
 .data.__malloc_lock_object
                0x0000000002005ca0        0xc /opt/devkitpro/devkitARM/lib/gcc/arm-none-eabi/7.1.0/../../../../arm-none-eabi/lib/thumb/libg.a(lib_a-mlock.o)
 .data._impure_ptr
                0x0000000002005cac        0x4 /opt/devkitpro/devkitARM/lib/gcc/arm-none-eabi/7.1.0/../../../../arm-none-eabi/lib/thumb/libg.a(lib_a-impure.o)
                0x0000000002005cac                _impure_ptr
 *fill*         0x0000000002005cb0        0x0 ff
 .data.impure_data
                0x0000000002005cb0      0x460 /opt/devkitpro/devkitARM/lib/gcc/arm-none-eabi/7.1.0/../../../../arm-none-eabi/lib/thumb/libg.a(lib_a-impure.o)
 *(EXCLUDE_FILE(*.twl*) .gnu.linkonce.d*)
                0x0000000002006110                . = ALIGN (0x4)
                0x0000000002006110                __data_end = ABSOLUTE (.)
                0x0000000002006110                __bss_vma = .

.igot.plt       0x0000000002006110        0x0
 .igot.plt      0x0000000002006110        0x0 /opt/devkitpro/devkitARM/lib/gcc/arm-none-eabi/7.1.0/../../../../arm-none-eabi/lib/thumb/ds_arm9_crt0.o

.tm_clone_table
                0x0000000002006110        0x0
 .tm_clone_table
                0x0000000002006110        0x0 /opt/devkitpro/devkitARM/lib/gcc/arm-none-eabi/7.1.0/thumb/crtbegin.o
 .tm_clone_table
                0x0000000002006110        0x0 /opt/devkitpro/devkitARM/lib/gcc/arm-none-eabi/7.1.0/thumb/crtend.o

.dtcm           0x000000000b000000        0x0 load address 0x0000000002006110
                0x0000000002006110                __dtcm_lma = LOADADDR (.dtcm)
                0x000000000b000000                __dtcm_start = ABSOLUTE (.)
 *(.dtcm)
 *(.dtcm.*)
                0x000000000b000000                . = ALIGN (0x4)
                0x000000000b000000                __dtcm_end = ABSOLUTE (.)

.itcm           0x0000000001000100      0x194 load address 0x0000000002006110
                0x0000000002006110                __itcm_lma = LOADADDR (.itcm)
                0x0000000001000100                __itcm_start = ABSOLUTE (.)
 *(.itcm)
 .itcm          0x0000000001000100       0xc8 /opt/devkitpro/libnds/lib/libnds9.a(interrupts.o)
                0x0000000001000100                irqTable
 .itcm          0x00000000010001c8       0xcc /opt/devkitpro/libnds/lib/libnds9.a(interruptDispatcher.o)
                0x00000000010001c8                IntrMain
 *.itcm*(.text .stub .text.*)
                0x0000000001000294                . = ALIGN (0x4)
                0x0000000001000294                __itcm_end = ABSOLUTE (.)

.vectors        0x0000000001000000        0x0 load address 0x00000000020062a4
                0x00000000020062a4                __vectors_lma = LOADADDR (.vectors)
                0x0000000001000000                __vectors_start = ABSOLUTE (.)
 *(.vectors)
 *.vectors*(.text .stub .text.*)
                0x0000000001000000                . = ALIGN (0x4)
                0x0000000001000000                __vectors_end = ABSOLUTE (.)

.sbss           0x000000000b000000        0x0
                0x000000000b000000                __sbss_start = ABSOLUTE (.)
                0x000000000b000000                __sbss_start__ = ABSOLUTE (.)
 *(.sbss)
                0x000000000b000000                . = ALIGN (0x4)
                0x000000000b000000                __sbss_end = ABSOLUTE (.)

.bss            0x0000000002006110      0xb10
                0x0000000002006110                __bss_start = ABSOLUTE (.)
                0x0000000002006110                __bss_start__ = ABSOLUTE (.)
 *(EXCLUDE_FILE(*.twl*) .dynbss)
 *(EXCLUDE_FILE(*.twl*) .gnu.linkonce.b*)
 *(EXCLUDE_FILE(*.twl*) .bss*)
 .bss.completed.6484
                0x0000000002006110        0x1 /opt/devkitpro/devkitARM/lib/gcc/arm-none-eabi/7.1.0/thumb/crtbegin.o
 *fill*         0x0000000002006111        0x3 
 .bss.object.6489
                0x0000000002006114       0x18 /opt/devkitpro/devkitARM/lib/gcc/arm-none-eabi/7.1.0/thumb/crtbegin.o
 .bss.keys      0x000000000200612c        0x2 /opt/devkitpro/libnds/lib/libnds9.a(keys.o)
 .bss.keysold   0x000000000200612e        0x2 /opt/devkitpro/libnds/lib/libnds9.a(keys.o)
 .bss.keysrepeat
                0x0000000002006130        0x2 /opt/devkitpro/libnds/lib/libnds9.a(keys.o)
 *fill*         0x0000000002006132        0x2 
 .bss.__timeout
                0x0000000002006134        0x4 /opt/devkitpro/libnds/lib/libnds9.a(fifosystem.o)
 .bss.processing
                0x0000000002006138        0x4 /opt/devkitpro/libnds/lib/libnds9.a(fifosystem.o)
                0x0000000002006138                processing
 .bss.SDcallback
                0x000000000200613c        0x4 /opt/devkitpro/libnds/lib/libnds9.a(system.o)
 .bss._ZN12_GLOBAL__N_114emergency_poolE
                0x0000000002006140       0x10 /opt/devkitpro/devkitARM/lib/gcc/arm-none-eabi/7.1.0/../../../../arm-none-eabi/lib/thumb/libstdc++.a(eh_alloc.o)
 .bss._ZN12_GLOBAL__N_113__new_handlerE
                0x0000000002006150        0x4 /opt/devkitpro/devkitARM/lib/gcc/arm-none-eabi/7.1.0/../../../../arm-none-eabi/lib/thumb/libstdc++.a(new_handler.o)
 .bss._ZL10eh_globals
                0x0000000002006154        0xc /opt/devkitpro/devkitARM/lib/gcc/arm-none-eabi/7.1.0/../../../../arm-none-eabi/lib/thumb/libstdc++.a(eh_globals.o)
 .bss.__malloc_current_mallinfo
                0x0000000002006160       0x28 /opt/devkitpro/devkitARM/lib/gcc/arm-none-eabi/7.1.0/../../../../arm-none-eabi/lib/thumb/libg.a(lib_a-mallocr.o)
                0x0000000002006160                __malloc_current_mallinfo
 .bss.__malloc_max_sbrked_mem
                0x0000000002006188        0x4 /opt/devkitpro/devkitARM/lib/gcc/arm-none-eabi/7.1.0/../../../../arm-none-eabi/lib/thumb/libg.a(lib_a-mallocr.o)
                0x0000000002006188                __malloc_max_sbrked_mem
 .bss.__malloc_max_total_mem
                0x000000000200618c        0x4 /opt/devkitpro/devkitARM/lib/gcc/arm-none-eabi/7.1.0/../../../../arm-none-eabi/lib/thumb/libg.a(lib_a-mallocr.o)
                0x000000000200618c                __malloc_max_total_mem
 .bss.__malloc_top_pad
                0x0000000002006190        0x4 /opt/devkitpro/devkitARM/lib/gcc/arm-none-eabi/7.1.0/../../../../arm-none-eabi/lib/thumb/libg.a(lib_a-mallocr.o)
                0x0000000002006190                __malloc_top_pad
 .bss.heap_start.5814
                0x0000000002006194        0x4 /opt/devkitpro/devkitARM/lib/gcc/arm-none-eabi/7.1.0/../../../../arm-none-eabi/lib/thumb/libsysbase.a(sbrk.o)
 .bss.fake_heap_end
                0x0000000002006198        0x4 /opt/devkitpro/devkitARM/lib/gcc/arm-none-eabi/7.1.0/../../../../arm-none-eabi/lib/thumb/libsysbase.a(malloc_vars.o)
                0x0000000002006198                fake_heap_end
 .bss.fake_heap_start
                0x000000000200619c        0x4 /opt/devkitpro/devkitARM/lib/gcc/arm-none-eabi/7.1.0/../../../../arm-none-eabi/lib/thumb/libsysbase.a(malloc_vars.o)
                0x000000000200619c                fake_heap_start
 .bss.__syscalls
                0x00000000020061a0       0x38 /opt/devkitpro/devkitARM/lib/gcc/arm-none-eabi/7.1.0/../../../../arm-none-eabi/lib/thumb/libsysbase.a(syscall_support.o)
                0x00000000020061a0                __syscalls
 *(EXCLUDE_FILE(*.twl*) COMMON)
 COMMON         0x00000000020061d8        0x1 /opt/devkitpro/libnds/lib/libnds9.a(initSystem.o)
                0x00000000020061d8                __dsimode
 *fill*         0x00000000020061d9        0x3 
 COMMON         0x00000000020061dc      0xa40 /opt/devkitpro/libnds/lib/libnds9.a(fifosystem.o)
                0x00000000020061dc                fifo_datamsg_data
                0x000000000200621c                fifo_buffer
                0x0000000002006a1c                fifo_value32_func
                0x0000000002006a5c                fifo_address_func
                0x0000000002006a9c                fifo_value32_data
                0x0000000002006adc                fifo_value32_queue
                0x0000000002006b1c                fifo_data_queue
                0x0000000002006b5c                fifo_address_data
                0x0000000002006b9c                fifo_datamsg_func
                0x0000000002006bdc                fifo_address_queue
 COMMON         0x0000000002006c1c        0x4 /opt/devkitpro/libnds/lib/libnds9.a(timeSupport.o)
                0x0000000002006c1c                punixTime
                0x0000000002006c20                . = ALIGN (0x4)
                0x0000000002006c20                __bss_end__ = ABSOLUTE (.)
                0x0000000002006c20                __end__ = ABSOLUTE (.)

.twl            0x0000000002006c20        0x0 load address 0x0000000002400000
                0x0000000002400000                __arm9i_lma__ = LOADADDR (.twl)
                0x0000000002006c20                __arm9i_start__ = ABSOLUTE (.)
 *(.twl)
 *.twl*(.text .stub .text.* .gnu.linkonce.t.*)
 *.twl*(.rodata)
 *.twl*(.roda)
 *.twl*(.rodata.*)
 *.twl*(.data)
 *.twl*(.data.*)
 *.twl*(.gnu.linkonce.d*)
                0x0000000002006c20                __arm9i_end__ = ABSOLUTE (.)

.twl_bss        0x0000000002006c20        0x0
                0x0000000002006c20                __twl_bss_start__ = ABSOLUTE (.)
 *(.twl_bss)
 *.twl*(.dynbss)
 *.twl*(.gnu.linkonce.b*)
 *.twl*(.bss*)
 *.twl*(COMMON)
                0x0000000002006c20                . = ALIGN (0x4)
                0x0000000002006c20                __twl_bss_end__ = ABSOLUTE (.)
                0x0000000002006c20                __twl_end__ = ABSOLUTE (.)

.stab
 *(.stab)

.stabstr
 *(.stabstr)

.stab.excl
 *(.stab.excl)

.stab.exclstr
 *(.stab.exclstr)

.stab.index
 *(.stab.index)

.stab.indexstr
 *(.stab.indexstr)

.comment        0x0000000000000000       0x44
 *(.comment)
 .comment       0x0000000000000000       0x22 /opt/devkitpro/devkitARM/lib/gcc/arm-none-eabi/7.1.0/thumb/crtbegin.o
                                         0x23 (size before relaxing)
 .comment       0x0000000000000022       0x23 main.o
 .comment       0x0000000000000022       0x22 /opt/devkitpro/libnds/lib/libnds9.a(keys.o)
                                         0x23 (size before relaxing)
 .comment       0x0000000000000044       0x23 /opt/devkitpro/libnds/lib/libnds9.a(securearea.o)
 .comment       0x0000000000000044       0x23 /opt/devkitpro/libnds/lib/libnds9.a(initSystem.o)
 .comment       0x0000000000000044       0x23 /opt/devkitpro/libnds/lib/libnds9.a(fifosystem.o)
 .comment       0x0000000000000044       0x23 /opt/devkitpro/libnds/lib/libnds9.a(libnds_exit.arm.o)
 .comment       0x0000000000000044       0x23 /opt/devkitpro/libnds/lib/libnds9.a(interrupts.o)
 .comment       0x0000000000000044       0x23 /opt/devkitpro/libnds/lib/libnds9.a(system.o)
 .comment       0x0000000000000044       0x23 /opt/devkitpro/libnds/lib/libnds9.a(video.o)
 .comment       0x0000000000000044       0x23 /opt/devkitpro/libnds/lib/libnds9.a(timeSupport.o)
 .comment       0x0000000000000044       0x23 /opt/devkitpro/devkitARM/lib/gcc/arm-none-eabi/7.1.0/../../../../arm-none-eabi/lib/thumb/libstdc++.a(new_op.o)
 .comment       0x0000000000000044       0x23 /opt/devkitpro/devkitARM/lib/gcc/arm-none-eabi/7.1.0/../../../../arm-none-eabi/lib/thumb/libstdc++.a(eh_alloc.o)
 .comment       0x0000000000000044       0x23 /opt/devkitpro/devkitARM/lib/gcc/arm-none-eabi/7.1.0/../../../../arm-none-eabi/lib/thumb/libstdc++.a(new_handler.o)
 .comment       0x0000000000000044       0x23 /opt/devkitpro/devkitARM/lib/gcc/arm-none-eabi/7.1.0/../../../../arm-none-eabi/lib/thumb/libstdc++.a(eh_terminate.o)
 .comment       0x0000000000000044       0x23 /opt/devkitpro/devkitARM/lib/gcc/arm-none-eabi/7.1.0/../../../../arm-none-eabi/lib/thumb/libstdc++.a(eh_unex_handler.o)
 .comment       0x0000000000000044       0x23 /opt/devkitpro/devkitARM/lib/gcc/arm-none-eabi/7.1.0/../../../../arm-none-eabi/lib/thumb/libstdc++.a(bad_alloc.o)
 .comment       0x0000000000000044       0x23 /opt/devkitpro/devkitARM/lib/gcc/arm-none-eabi/7.1.0/../../../../arm-none-eabi/lib/thumb/libstdc++.a(eh_arm.o)
 .comment       0x0000000000000044       0x23 /opt/devkitpro/devkitARM/lib/gcc/arm-none-eabi/7.1.0/../../../../arm-none-eabi/lib/thumb/libstdc++.a(eh_throw.o)
 .comment       0x0000000000000044       0x23 /opt/devkitpro/devkitARM/lib/gcc/arm-none-eabi/7.1.0/../../../../arm-none-eabi/lib/thumb/libstdc++.a(eh_exception.o)
 .comment       0x0000000000000044       0x23 /opt/devkitpro/devkitARM/lib/gcc/arm-none-eabi/7.1.0/../../../../arm-none-eabi/lib/thumb/libstdc++.a(si_class_type_info.o)
 .comment       0x0000000000000044       0x23 /opt/devkitpro/devkitARM/lib/gcc/arm-none-eabi/7.1.0/../../../../arm-none-eabi/lib/thumb/libstdc++.a(eh_call.o)
 .comment       0x0000000000000044       0x23 /opt/devkitpro/devkitARM/lib/gcc/arm-none-eabi/7.1.0/../../../../arm-none-eabi/lib/thumb/libstdc++.a(eh_globals.o)
 .comment       0x0000000000000044       0x23 /opt/devkitpro/devkitARM/lib/gcc/arm-none-eabi/7.1.0/../../../../arm-none-eabi/lib/thumb/libstdc++.a(del_ops.o)
 .comment       0x0000000000000044       0x23 /opt/devkitpro/devkitARM/lib/gcc/arm-none-eabi/7.1.0/../../../../arm-none-eabi/lib/thumb/libstdc++.a(eh_catch.o)
 .comment       0x0000000000000044       0x23 /opt/devkitpro/devkitARM/lib/gcc/arm-none-eabi/7.1.0/../../../../arm-none-eabi/lib/thumb/libstdc++.a(tinfo.o)
 .comment       0x0000000000000044       0x23 /opt/devkitpro/devkitARM/lib/gcc/arm-none-eabi/7.1.0/../../../../arm-none-eabi/lib/thumb/libstdc++.a(del_op.o)
 .comment       0x0000000000000044       0x23 /opt/devkitpro/devkitARM/lib/gcc/arm-none-eabi/7.1.0/../../../../arm-none-eabi/lib/thumb/libstdc++.a(class_type_info.o)
 .comment       0x0000000000000044       0x23 /opt/devkitpro/devkitARM/lib/gcc/arm-none-eabi/7.1.0/../../../../arm-none-eabi/lib/thumb/libstdc++.a(eh_term_handler.o)
 .comment       0x0000000000000044       0x23 /opt/devkitpro/devkitARM/lib/gcc/arm-none-eabi/7.1.0/thumb/libgcc.a(unwind-arm.o)
 .comment       0x0000000000000044       0x23 /opt/devkitpro/devkitARM/lib/gcc/arm-none-eabi/7.1.0/thumb/libgcc.a(pr-support.o)
 .comment       0x0000000000000044       0x23 /opt/devkitpro/devkitARM/lib/gcc/arm-none-eabi/7.1.0/../../../../arm-none-eabi/lib/thumb/libg.a(lib_a-abort.o)
 .comment       0x0000000000000044       0x23 /opt/devkitpro/devkitARM/lib/gcc/arm-none-eabi/7.1.0/../../../../arm-none-eabi/lib/thumb/libg.a(lib_a-init.o)
 .comment       0x0000000000000044       0x23 /opt/devkitpro/devkitARM/lib/gcc/arm-none-eabi/7.1.0/../../../../arm-none-eabi/lib/thumb/libg.a(lib_a-malloc.o)
 .comment       0x0000000000000044       0x23 /opt/devkitpro/devkitARM/lib/gcc/arm-none-eabi/7.1.0/../../../../arm-none-eabi/lib/thumb/libg.a(lib_a-mallocr.o)
 .comment       0x0000000000000044       0x23 /opt/devkitpro/devkitARM/lib/gcc/arm-none-eabi/7.1.0/../../../../arm-none-eabi/lib/thumb/libg.a(lib_a-memcpy-stub.o)
 .comment       0x0000000000000044       0x23 /opt/devkitpro/devkitARM/lib/gcc/arm-none-eabi/7.1.0/../../../../arm-none-eabi/lib/thumb/libg.a(lib_a-memset.o)
 .comment       0x0000000000000044       0x23 /opt/devkitpro/devkitARM/lib/gcc/arm-none-eabi/7.1.0/../../../../arm-none-eabi/lib/thumb/libg.a(lib_a-mlock.o)
 .comment       0x0000000000000044       0x23 /opt/devkitpro/devkitARM/lib/gcc/arm-none-eabi/7.1.0/../../../../arm-none-eabi/lib/thumb/libg.a(lib_a-rand.o)
 .comment       0x0000000000000044       0x23 /opt/devkitpro/devkitARM/lib/gcc/arm-none-eabi/7.1.0/../../../../arm-none-eabi/lib/thumb/libg.a(lib_a-signal.o)
 .comment       0x0000000000000044       0x23 /opt/devkitpro/devkitARM/lib/gcc/arm-none-eabi/7.1.0/../../../../arm-none-eabi/lib/thumb/libg.a(lib_a-freer.o)
 .comment       0x0000000000000044       0x23 /opt/devkitpro/devkitARM/lib/gcc/arm-none-eabi/7.1.0/../../../../arm-none-eabi/lib/thumb/libsysbase.a(getpid.o)
 .comment       0x0000000000000044       0x23 /opt/devkitpro/devkitARM/lib/gcc/arm-none-eabi/7.1.0/../../../../arm-none-eabi/lib/thumb/libsysbase.a(kill.o)
 .comment       0x0000000000000044       0x23 /opt/devkitpro/devkitARM/lib/gcc/arm-none-eabi/7.1.0/../../../../arm-none-eabi/lib/thumb/libsysbase.a(sbrk.o)
 .comment       0x0000000000000044       0x23 /opt/devkitpro/devkitARM/lib/gcc/arm-none-eabi/7.1.0/../../../../arm-none-eabi/lib/thumb/libsysbase.a(_exit.o)
 .comment       0x0000000000000044       0x23 /opt/devkitpro/devkitARM/lib/gcc/arm-none-eabi/7.1.0/../../../../arm-none-eabi/lib/thumb/libsysbase.a(malloc_vars.o)
 .comment       0x0000000000000044       0x23 /opt/devkitpro/devkitARM/lib/gcc/arm-none-eabi/7.1.0/../../../../arm-none-eabi/lib/thumb/libsysbase.a(build_argv.o)
 .comment       0x0000000000000044       0x23 /opt/devkitpro/devkitARM/lib/gcc/arm-none-eabi/7.1.0/../../../../arm-none-eabi/lib/thumb/libsysbase.a(syscall_support.o)
 .comment       0x0000000000000044       0x23 /opt/devkitpro/devkitARM/lib/gcc/arm-none-eabi/7.1.0/../../../../arm-none-eabi/lib/thumb/libsysbase.a(getreent.o)
 .comment       0x0000000000000044       0x23 /opt/devkitpro/devkitARM/lib/gcc/arm-none-eabi/7.1.0/thumb/libgcc.a(_muldi3.o)
 .comment       0x0000000000000044       0x23 /opt/devkitpro/devkitARM/lib/gcc/arm-none-eabi/7.1.0/../../../../arm-none-eabi/lib/thumb/libg.a(lib_a-impure.o)
 .comment       0x0000000000000044       0x23 /opt/devkitpro/devkitARM/lib/gcc/arm-none-eabi/7.1.0/thumb/crtend.o

.ARM.attributes
                0x0000000000000000       0x2d
 .ARM.attributes
                0x0000000000000000       0x21 /opt/devkitpro/devkitARM/lib/gcc/arm-none-eabi/7.1.0/../../../../arm-none-eabi/lib/thumb/ds_arm9_crt0.o
 .ARM.attributes
                0x0000000000000021       0x16 /opt/devkitpro/devkitARM/lib/gcc/arm-none-eabi/7.1.0/thumb/crti.o
 .ARM.attributes
                0x0000000000000037       0x30 /opt/devkitpro/devkitARM/lib/gcc/arm-none-eabi/7.1.0/thumb/crtbegin.o
 .ARM.attributes
                0x0000000000000067       0x27 main.o
 .ARM.attributes
                0x000000000000008e       0x2b /opt/devkitpro/libnds/lib/libnds9.a(keys.o)
 .ARM.attributes
                0x00000000000000b9       0x2b /opt/devkitpro/libnds/lib/libnds9.a(securearea.o)
 .ARM.attributes
                0x00000000000000e4       0x2b /opt/devkitpro/libnds/lib/libnds9.a(initSystem.o)
 .ARM.attributes
                0x000000000000010f       0x2b /opt/devkitpro/libnds/lib/libnds9.a(fifosystem.o)
 .ARM.attributes
                0x000000000000013a       0x2b /opt/devkitpro/libnds/lib/libnds9.a(libnds_exit.arm.o)
 .ARM.attributes
                0x0000000000000165       0x2b /opt/devkitpro/libnds/lib/libnds9.a(interrupts.o)
 .ARM.attributes
                0x0000000000000190       0x21 /opt/devkitpro/libnds/lib/libnds9.a(cpu_clock.o)
 .ARM.attributes
                0x00000000000001b1       0x21 /opt/devkitpro/libnds/lib/libnds9.a(IntrWait.o)
 .ARM.attributes
                0x00000000000001d2       0x21 /opt/devkitpro/libnds/lib/libnds9.a(mpu_setup.o)
 .ARM.attributes
                0x00000000000001f3       0x21 /opt/devkitpro/libnds/lib/libnds9.a(swiSoftReset.o)
 .ARM.attributes
                0x0000000000000214       0x1b /opt/devkitpro/libnds/lib/libnds9.a(interruptDispatcher.o)
 .ARM.attributes
                0x000000000000022f       0x2b /opt/devkitpro/libnds/lib/libnds9.a(system.o)
 .ARM.attributes
                0x000000000000025a       0x2b /opt/devkitpro/libnds/lib/libnds9.a(video.o)
 .ARM.attributes
                0x0000000000000285       0x2b /opt/devkitpro/libnds/lib/libnds9.a(timeSupport.o)
 .ARM.attributes
                0x00000000000002b0       0x1b /opt/devkitpro/libnds/lib/libnds9.a(biosCalls.o)
 .ARM.attributes
                0x00000000000002cb       0x30 /opt/devkitpro/devkitARM/lib/gcc/arm-none-eabi/7.1.0/../../../../arm-none-eabi/lib/thumb/libstdc++.a(new_op.o)
 .ARM.attributes
                0x00000000000002fb       0x30 /opt/devkitpro/devkitARM/lib/gcc/arm-none-eabi/7.1.0/../../../../arm-none-eabi/lib/thumb/libstdc++.a(eh_alloc.o)
 .ARM.attributes
                0x000000000000032b       0x30 /opt/devkitpro/devkitARM/lib/gcc/arm-none-eabi/7.1.0/../../../../arm-none-eabi/lib/thumb/libstdc++.a(new_handler.o)
 .ARM.attributes
                0x000000000000035b       0x30 /opt/devkitpro/devkitARM/lib/gcc/arm-none-eabi/7.1.0/../../../../arm-none-eabi/lib/thumb/libstdc++.a(eh_terminate.o)
 .ARM.attributes
                0x000000000000038b       0x30 /opt/devkitpro/devkitARM/lib/gcc/arm-none-eabi/7.1.0/../../../../arm-none-eabi/lib/thumb/libstdc++.a(eh_unex_handler.o)
 .ARM.attributes
                0x00000000000003bb       0x30 /opt/devkitpro/devkitARM/lib/gcc/arm-none-eabi/7.1.0/../../../../arm-none-eabi/lib/thumb/libstdc++.a(bad_alloc.o)
 .ARM.attributes
                0x00000000000003eb       0x30 /opt/devkitpro/devkitARM/lib/gcc/arm-none-eabi/7.1.0/../../../../arm-none-eabi/lib/thumb/libstdc++.a(eh_arm.o)
 .ARM.attributes
                0x000000000000041b       0x30 /opt/devkitpro/devkitARM/lib/gcc/arm-none-eabi/7.1.0/../../../../arm-none-eabi/lib/thumb/libstdc++.a(eh_throw.o)
 .ARM.attributes
                0x000000000000044b       0x30 /opt/devkitpro/devkitARM/lib/gcc/arm-none-eabi/7.1.0/../../../../arm-none-eabi/lib/thumb/libstdc++.a(eh_exception.o)
 .ARM.attributes
                0x000000000000047b       0x30 /opt/devkitpro/devkitARM/lib/gcc/arm-none-eabi/7.1.0/../../../../arm-none-eabi/lib/thumb/libstdc++.a(si_class_type_info.o)
 .ARM.attributes
                0x00000000000004ab       0x30 /opt/devkitpro/devkitARM/lib/gcc/arm-none-eabi/7.1.0/../../../../arm-none-eabi/lib/thumb/libstdc++.a(eh_call.o)
 .ARM.attributes
                0x00000000000004db       0x30 /opt/devkitpro/devkitARM/lib/gcc/arm-none-eabi/7.1.0/../../../../arm-none-eabi/lib/thumb/libstdc++.a(eh_globals.o)
 .ARM.attributes
                0x000000000000050b       0x30 /opt/devkitpro/devkitARM/lib/gcc/arm-none-eabi/7.1.0/../../../../arm-none-eabi/lib/thumb/libstdc++.a(del_ops.o)
 .ARM.attributes
                0x000000000000053b       0x30 /opt/devkitpro/devkitARM/lib/gcc/arm-none-eabi/7.1.0/../../../../arm-none-eabi/lib/thumb/libstdc++.a(eh_catch.o)
 .ARM.attributes
                0x000000000000056b       0x30 /opt/devkitpro/devkitARM/lib/gcc/arm-none-eabi/7.1.0/../../../../arm-none-eabi/lib/thumb/libstdc++.a(tinfo.o)
 .ARM.attributes
                0x000000000000059b       0x30 /opt/devkitpro/devkitARM/lib/gcc/arm-none-eabi/7.1.0/../../../../arm-none-eabi/lib/thumb/libstdc++.a(del_op.o)
 .ARM.attributes
                0x00000000000005cb       0x30 /opt/devkitpro/devkitARM/lib/gcc/arm-none-eabi/7.1.0/../../../../arm-none-eabi/lib/thumb/libstdc++.a(class_type_info.o)
 .ARM.attributes
                0x00000000000005fb       0x30 /opt/devkitpro/devkitARM/lib/gcc/arm-none-eabi/7.1.0/../../../../arm-none-eabi/lib/thumb/libstdc++.a(eh_term_handler.o)
 .ARM.attributes
                0x000000000000062b       0x18 /opt/devkitpro/devkitARM/lib/gcc/arm-none-eabi/7.1.0/thumb/libgcc.a(_divsi3.o)
 .ARM.attributes
                0x0000000000000643       0x16 /opt/devkitpro/devkitARM/lib/gcc/arm-none-eabi/7.1.0/thumb/libgcc.a(_dvmd_tls.o)
 .ARM.attributes
                0x0000000000000659       0x30 /opt/devkitpro/devkitARM/lib/gcc/arm-none-eabi/7.1.0/thumb/libgcc.a(unwind-arm.o)
 .ARM.attributes
                0x0000000000000689       0x1c /opt/devkitpro/devkitARM/lib/gcc/arm-none-eabi/7.1.0/thumb/libgcc.a(libunwind.o)
 .ARM.attributes
                0x00000000000006a5       0x30 /opt/devkitpro/devkitARM/lib/gcc/arm-none-eabi/7.1.0/thumb/libgcc.a(pr-support.o)
 .ARM.attributes
                0x00000000000006d5       0x30 /opt/devkitpro/devkitARM/lib/gcc/arm-none-eabi/7.1.0/../../../../arm-none-eabi/lib/thumb/libg.a(lib_a-abort.o)
 .ARM.attributes
                0x0000000000000705       0x30 /opt/devkitpro/devkitARM/lib/gcc/arm-none-eabi/7.1.0/../../../../arm-none-eabi/lib/thumb/libg.a(lib_a-init.o)
 .ARM.attributes
                0x0000000000000735       0x30 /opt/devkitpro/devkitARM/lib/gcc/arm-none-eabi/7.1.0/../../../../arm-none-eabi/lib/thumb/libg.a(lib_a-malloc.o)
 .ARM.attributes
                0x0000000000000765       0x30 /opt/devkitpro/devkitARM/lib/gcc/arm-none-eabi/7.1.0/../../../../arm-none-eabi/lib/thumb/libg.a(lib_a-mallocr.o)
 .ARM.attributes
                0x0000000000000795       0x30 /opt/devkitpro/devkitARM/lib/gcc/arm-none-eabi/7.1.0/../../../../arm-none-eabi/lib/thumb/libg.a(lib_a-memcpy-stub.o)
 .ARM.attributes
                0x00000000000007c5       0x30 /opt/devkitpro/devkitARM/lib/gcc/arm-none-eabi/7.1.0/../../../../arm-none-eabi/lib/thumb/libg.a(lib_a-memset.o)
 .ARM.attributes
                0x00000000000007f5       0x30 /opt/devkitpro/devkitARM/lib/gcc/arm-none-eabi/7.1.0/../../../../arm-none-eabi/lib/thumb/libg.a(lib_a-mlock.o)
 .ARM.attributes
                0x0000000000000825       0x30 /opt/devkitpro/devkitARM/lib/gcc/arm-none-eabi/7.1.0/../../../../arm-none-eabi/lib/thumb/libg.a(lib_a-rand.o)
 .ARM.attributes